MPLINK 4.31, Linker
Linker Map File - Created Sat Jan 03 18:18:00 2015

                                 Section Info
                  Section       Type    Address   Location Size(Bytes)
                ---------  ---------  ---------  ---------  ---------
               _entry_scn       code   0x000000    program   0x000006
    HIGH_INTERRUPT_VECTOR       code   0x000008    program   0x000006
     LOW_INTERRUPT_VECTOR       code   0x000018    program   0x000006
    REMAPPED_RESET_VECTOR       code   0x00a000    program   0x000006
           .code___init.o       code   0x00a006    program   0x000002
REMAPPED_HIGH_INTERRUPT_VECTOR       code   0x00a008    program   0x000006
REMAPPED_LOW_INTERRUPT_VECTOR       code   0x00a018    program   0x000006
                   .cinit    romdata   0x00a01e    program   0x00000e
             .code_main.o       code   0x00a02c    program   0x000b6e
          .code_my_oled.o       code   0x00ab9a    program   0x00044e
           .code_BMA150.o       code   0x00afe8    program   0x000274
           .code_mtouch.o       code   0x00b25c    program   0x0001e4
       .romdata_my_oled.o    romdata   0x00b440    program   0x0001db
       .idata_my_oled.o_i    romdata   0x00b61b    program   0x000000
      .idata_fxd1616u.o_i    romdata   0x00b61b    program   0x000000
        .idata___init.o_i    romdata   0x00b61b    program   0x000000
        .idata_mtouch.o_i    romdata   0x00b61b    program   0x000000
    .romdata_soft_start.o    romdata   0x00b61b    program   0x000000
        .romdata_BMA150.o    romdata   0x00b61b    program   0x000000
        .idata_BMA150.o_i    romdata   0x00b61b    program   0x000000
         .idata_c018i.o_i    romdata   0x00b61b    program   0x000000
         .romdata_c018i.o    romdata   0x00b61b    program   0x000000
          .idata_main.o_i    romdata   0x00b61b    program   0x000000
          .romdata_main.o    romdata   0x00b61b    program   0x000000
       .code_soft_start.o       code   0x00b61c    program   0x0000f0
            .code_c018i.o       code   0x00b61c    program   0x000000
                     PROG       code   0x00b70c    program   0x0000a6
               _cinit_scn       code   0x00b7b2    program   0x00009e
             .stringtable    romdata   0x00b850    program   0x000047
        .romdata___init.o    romdata   0x00b897    program   0x000000
    .idata_soft_start.o_i    romdata   0x00b897    program   0x000001
        .romdata_mtouch.o    romdata   0x00b897    program   0x000000
      .romdata_fxd1616u.o    romdata   0x00b897    program   0x000000
         .code_fxd1616u.o       code   0x00b898    program   0x00002c
             _startup_scn       code   0x00b8c4    program   0x00001c
                    .code       code   0x00b8e0    program   0x00000e
      .config_fff8_main.o    romdata   0x00fff8    program   0x000001
      .config_fff9_main.o    romdata   0x00fff9    program   0x000001
      .config_fffa_main.o    romdata   0x00fffa    program   0x000001
      .config_fffb_main.o    romdata   0x00fffb    program   0x000001
      .config_fffc_main.o    romdata   0x00fffc    program   0x000001
      .config_fffd_main.o    romdata   0x00fffd    program   0x000001
      .config_fffe_main.o    romdata   0x00fffe    program   0x000001
      .config_ffff_main.o    romdata   0x00ffff    program   0x000001
                MATH_DATA      udata   0x000000       data   0x000014
                 .tmpdata      udata   0x000014       data   0x000006
         .udata_my_oled.o      udata   0x000060       data   0x00000b
           .udata_c018i.o      udata   0x00006b       data   0x00000a
          .udata_BMA150.o      udata   0x000075       data   0x000006
          .udata_mtouch.o      udata   0x00007b       data   0x000004
      .idata_soft_start.o      idata   0x00007f       data   0x000001
          .idata_BMA150.o      idata   0x000080       data   0x000000
      .udata_soft_start.o      udata   0x000080       data   0x000000
            .idata_main.o      idata   0x000080       data   0x000000
            .udata_main.o      udata   0x000080       data   0x000000
          .idata_mtouch.o      idata   0x000080       data   0x000000
           .idata_c018i.o      idata   0x000080       data   0x000000
         .idata_my_oled.o      idata   0x000080       data   0x000000
          .idata___init.o      idata   0x000080       data   0x000000
          .udata___init.o      udata   0x000080       data   0x000000
        .idata_fxd1616u.o      idata   0x000080       data   0x000000
        .udata_fxd1616u.o      udata   0x000080       data   0x000000
                   .stack      udata   0x000d00       data   0x000100
              SFR_BANKED0      udata   0x000ec6       data   0x00000e
              SFR_BANKED1      udata   0x000ed7       data   0x000008
              SFR_BANKED2      udata   0x000ee7       data   0x000004
              SFR_BANKED3      udata   0x000eec       data   0x000003
              SFR_BANKED4      udata   0x000ef2       data   0x000002
              SFR_BANKED5      udata   0x000ef6       data   0x000002
              SFR_BANKED6      udata   0x000efb       data   0x000005
              SFR_BANKED7      udata   0x000f26       data   0x000014
              SFR_BANKED8      udata   0x000f3c       data   0x000007
              SFR_BANKED9      udata   0x000f48       data   0x000008
             SFR_BANKED10      udata   0x000f52       data   0x00000e
            SFR_UNBANKED0      udata   0x000f60       data   0x0000a0



                              Program Memory Usage 
                               Start         End      
                           ---------   ---------      
                            0x000000    0x000005      
                            0x000008    0x00000d      
                            0x000018    0x00001d      
                            0x00a000    0x00a00d      
                            0x00a018    0x00b61a      
                            0x00b61c    0x00b8ed      
                            0x00fff8    0x00ffff      
            6397 out of 65538 program addresses used, program memory utilization is 9%



                              Symbols - Sorted by Name
                     Name    Address   Location    Storage File                     
                ---------  ---------  ---------  --------- ---------                
          AppPowerDisable   0x00b668    program     extern C:\Microchip Starter Kits\PIC18F Starter Kit 1\Microchip\Soft Start\soft_start.c
           AppPowerEnable   0x00b61c    program     extern C:\Microchip Starter Kits\PIC18F Starter Kit 1\Microchip\Soft Start\soft_start.c
            AppPowerReady   0x00b674    program     extern C:\Microchip Starter Kits\PIC18F Starter Kit 1\Microchip\Soft Start\soft_start.c
          BMA150_ReadByte   0x00b1ae    program     extern C:\Microchip Starter Kits\PIC18F Starter Kit 1\Microchip\BMA150 driver\BMA150.c
         BMA150_WriteByte   0x00b0cc    program     extern C:\Microchip Starter Kits\PIC18F Starter Kit 1\Microchip\BMA150 driver\BMA150.c
                   D1616S   0x00b72e    program     static C:\MCC18\src\traditional\math\fxd1616s.asm
                D1616SNEG   0x00b73c    program     static C:\MCC18\src\traditional\math\fxd1616s.asm
                 D1616SOK   0x00b738    program     static C:\MCC18\src\traditional\math\fxd1616s.asm
                  D1616SX   0x00b74e    program     static C:\MCC18\src\traditional\math\fxd1616s.asm
                  DA1616S   0x00b71e    program     static C:\MCC18\src\traditional\math\fxd1616s.asm
                  DelayMs   0x00ab9a    program     extern C:\Microchip Starter Kits\PIC18F Starter Kit 1\Shenkar\HowmWork 1\my_oled.c
                 FXD1616S   0x00b70c    program     extern C:\MCC18\src\traditional\math\fxd1616s.asm
                 FXD1616U   0x00b898    program     extern C:\MCC18\src\traditional\math\fxd1616u.c
                 FXM1616S   0x00b758    program     extern C:\MCC18\src\traditional\math\fxm1616s.asm
              FillDisplay   0x00ac98    program     extern C:\Microchip Starter Kits\PIC18F Starter Kit 1\Shenkar\HowmWork 1\my_oled.c
                 FillPage   0x00ace0    program     extern C:\Microchip Starter Kits\PIC18F Starter Kit 1\Shenkar\HowmWork 1\my_oled.c
                 High_ISR   0x000008    program     extern C:\Microchip Starter Kits\PIC18F Starter Kit 1\Shenkar\HowmWork 1\main.c
                  InitADC   0x00b274    program     extern C:\Microchip Starter Kits\PIC18F Starter Kit 1\Microchip\mTouch\mtouch.c
               InitBma150   0x00afe8    program     extern C:\Microchip Starter Kits\PIC18F Starter Kit 1\Microchip\BMA150 driver\BMA150.c
                 InitCTMU   0x00b25c    program     extern C:\Microchip Starter Kits\PIC18F Starter Kit 1\Microchip\mTouch\mtouch.c
         InitializeSystem   0x00a07a    program     static C:\Microchip Starter Kits\PIC18F Starter Kit 1\Shenkar\HowmWork 1\main.c
                  Low_ISR   0x000018    program     extern C:\Microchip Starter Kits\PIC18F Starter Kit 1\Shenkar\HowmWork 1\main.c
        Remapped_High_ISR   0x00a008    program     extern C:\Microchip Starter Kits\PIC18F Starter Kit 1\Shenkar\HowmWork 1\main.c
         Remapped_Low_ISR   0x00a018    program     extern C:\Microchip Starter Kits\PIC18F Starter Kit 1\Shenkar\HowmWork 1\main.c
              ResetDevice   0x00abe2    program     extern C:\Microchip Starter Kits\PIC18F Starter Kit 1\Shenkar\HowmWork 1\my_oled.c
              SpiPinRemap   0x00b0a8    program     extern C:\Microchip Starter Kits\PIC18F Starter Kit 1\Microchip\BMA150 driver\BMA150.c
               TSIGN1616A   0x00b7a4    program     static C:\MCC18\src\traditional\math\fxm1616s.asm
                 UserInit   0x00a04c    program     static C:\Microchip Starter Kits\PIC18F Starter Kit 1\Shenkar\HowmWork 1\main.c
             WriteCommand   0x00ac88    program     extern C:\Microchip Starter Kits\PIC18F Starter Kit 1\Shenkar\HowmWork 1\my_oled.c
                WriteData   0x00ac90    program     extern C:\Microchip Starter Kits\PIC18F Starter Kit 1\Shenkar\HowmWork 1\my_oled.c
  YourHighPriorityISRCode   0x00a02c    program     static C:\Microchip Starter Kits\PIC18F Starter Kit 1\Shenkar\HowmWork 1\main.c
   YourLowPriorityISRCode   0x00a032    program     static C:\Microchip Starter Kits\PIC18F Starter Kit 1\Shenkar\HowmWork 1\main.c
         ___else_lbl00009   0x00b196    program     static                          
           ___if_lbl00001   0x00b02e    program     static                          
           ___if_lbl00005   0x00b0f4    program     static                          
           ___if_lbl00008   0x00b19e    program     static                          
       ___return_lbl00000   0x00b094    program     static                          
       ___return_lbl00000   0x000004    program     static                          
       ___return_lbl00000   0x00b8c2    program     static                          
       ___return_lbl00000   0x00a004    program     static                          
       ___return_lbl00001   0x00b8de    program     static                          
       ___return_lbl00001   0x00a00c    program     static                          
       ___return_lbl00002   0x00a01c    program     static                          
       ___return_lbl00002   0x00b84e    program     static                          
       ___return_lbl00003   0x00b36a    program     static                          
       ___return_lbl00003   0x00b1a4    program     static                          
       ___return_lbl00003   0x00000c    program     static                          
       ___return_lbl00004   0x00001c    program     static                          
       ___return_lbl00012   0x00b254    program     static                          
        ___while_lbl00004   0x00b34c    program     static                          
        ___while_lbl00005   0x00b350    program     static                          
        ___while_lbl00006   0x00b0fe    program     static                          
        ___while_lbl00007   0x00b102    program     static                          
        ___while_lbl00010   0x00b19e    program     static                          
        ___while_lbl00011   0x00b1a2    program     static                          
        ___while_lbl00013   0x00b1c2    program     static                          
        ___while_lbl00014   0x00b1c6    program     static                          
        ___while_lbl00015   0x00b24a    program     static                          
        ___while_lbl00016   0x00b24e    program     static                          
               __config_0   0x00fff8    program     static C:\Microchip Starter Kits\PIC18F Starter Kit 1\Shenkar\HowmWork 1\main.c
               __config_1   0x00fff9    program     static C:\Microchip Starter Kits\PIC18F Starter Kit 1\Shenkar\HowmWork 1\main.c
               __config_2   0x00fffa    program     static C:\Microchip Starter Kits\PIC18F Starter Kit 1\Shenkar\HowmWork 1\main.c
               __config_3   0x00fffb    program     static C:\Microchip Starter Kits\PIC18F Starter Kit 1\Shenkar\HowmWork 1\main.c
               __config_4   0x00fffc    program     static C:\Microchip Starter Kits\PIC18F Starter Kit 1\Shenkar\HowmWork 1\main.c
               __config_5   0x00fffd    program     static C:\Microchip Starter Kits\PIC18F Starter Kit 1\Shenkar\HowmWork 1\main.c
               __config_6   0x00fffe    program     static C:\Microchip Starter Kits\PIC18F Starter Kit 1\Shenkar\HowmWork 1\main.c
               __config_7   0x00ffff    program     static C:\Microchip Starter Kits\PIC18F Starter Kit 1\Shenkar\HowmWork 1\main.c
                   __init   0x00a006    program     extern C:\MCC18\src\traditional\stdclib\__init.c
                   __pa_0   0x00b3f4    program     static C:\Microchip Starter Kits\PIC18F Starter Kit 1\Microchip\mTouch\mtouch.c
                   __pa_0   0x00a726    program     static C:\Microchip Starter Kits\PIC18F Starter Kit 1\Shenkar\HowmWork 1\main.c
                   __pa_0   0x00aec2    program     static C:\Microchip Starter Kits\PIC18F Starter Kit 1\Shenkar\HowmWork 1\my_oled.c
                   __pa_1   0x00a72e    program     static C:\Microchip Starter Kits\PIC18F Starter Kit 1\Shenkar\HowmWork 1\main.c
                   __pa_1   0x00b404    program     static C:\Microchip Starter Kits\PIC18F Starter Kit 1\Microchip\mTouch\mtouch.c
                   __pa_1   0x00aec8    program     static C:\Microchip Starter Kits\PIC18F Starter Kit 1\Shenkar\HowmWork 1\my_oled.c
                  __pa_10   0x00a896    program     static C:\Microchip Starter Kits\PIC18F Starter Kit 1\Shenkar\HowmWork 1\main.c
                  __pa_10   0x00af6c    program     static C:\Microchip Starter Kits\PIC18F Starter Kit 1\Shenkar\HowmWork 1\my_oled.c
                  __pa_11   0x00a8ac    program     static C:\Microchip Starter Kits\PIC18F Starter Kit 1\Shenkar\HowmWork 1\main.c
                  __pa_11   0x00af7c    program     static C:\Microchip Starter Kits\PIC18F Starter Kit 1\Shenkar\HowmWork 1\my_oled.c
                  __pa_12   0x00a8b4    program     static C:\Microchip Starter Kits\PIC18F Starter Kit 1\Shenkar\HowmWork 1\main.c
                  __pa_12   0x00af8a    program     static C:\Microchip Starter Kits\PIC18F Starter Kit 1\Shenkar\HowmWork 1\my_oled.c
                  __pa_13   0x00a8ca    program     static C:\Microchip Starter Kits\PIC18F Starter Kit 1\Shenkar\HowmWork 1\main.c
                  __pa_13   0x00af98    program     static C:\Microchip Starter Kits\PIC18F Starter Kit 1\Shenkar\HowmWork 1\my_oled.c
                  __pa_14   0x00a8d4    program     static C:\Microchip Starter Kits\PIC18F Starter Kit 1\Shenkar\HowmWork 1\main.c
                  __pa_14   0x00afa4    program     static C:\Microchip Starter Kits\PIC18F Starter Kit 1\Shenkar\HowmWork 1\my_oled.c
                  __pa_15   0x00a8de    program     static C:\Microchip Starter Kits\PIC18F Starter Kit 1\Shenkar\HowmWork 1\main.c
                  __pa_15   0x00afae    program     static C:\Microchip Starter Kits\PIC18F Starter Kit 1\Shenkar\HowmWork 1\my_oled.c
                  __pa_16   0x00a8e8    program     static C:\Microchip Starter Kits\PIC18F Starter Kit 1\Shenkar\HowmWork 1\main.c
                  __pa_16   0x00afba    program     static C:\Microchip Starter Kits\PIC18F Starter Kit 1\Shenkar\HowmWork 1\my_oled.c
                  __pa_17   0x00a8f6    program     static C:\Microchip Starter Kits\PIC18F Starter Kit 1\Shenkar\HowmWork 1\main.c
                  __pa_17   0x00afc4    program     static C:\Microchip Starter Kits\PIC18F Starter Kit 1\Shenkar\HowmWork 1\my_oled.c
                  __pa_18   0x00afce    program     static C:\Microchip Starter Kits\PIC18F Starter Kit 1\Shenkar\HowmWork 1\my_oled.c
                  __pa_18   0x00a908    program     static C:\Microchip Starter Kits\PIC18F Starter Kit 1\Shenkar\HowmWork 1\main.c
                  __pa_19   0x00afda    program     static C:\Microchip Starter Kits\PIC18F Starter Kit 1\Shenkar\HowmWork 1\my_oled.c
                  __pa_19   0x00a912    program     static C:\Microchip Starter Kits\PIC18F Starter Kit 1\Shenkar\HowmWork 1\main.c
                   __pa_2   0x00b418    program     static C:\Microchip Starter Kits\PIC18F Starter Kit 1\Microchip\mTouch\mtouch.c
                   __pa_2   0x00a78e    program     static C:\Microchip Starter Kits\PIC18F Starter Kit 1\Shenkar\HowmWork 1\main.c
                   __pa_2   0x00aee4    program     static C:\Microchip Starter Kits\PIC18F Starter Kit 1\Shenkar\HowmWork 1\my_oled.c
                  __pa_20   0x00a920    program     static C:\Microchip Starter Kits\PIC18F Starter Kit 1\Shenkar\HowmWork 1\main.c
                  __pa_20   0x00afe2    program     static C:\Microchip Starter Kits\PIC18F Starter Kit 1\Shenkar\HowmWork 1\my_oled.c
                  __pa_21   0x00a930    program     static C:\Microchip Starter Kits\PIC18F Starter Kit 1\Shenkar\HowmWork 1\main.c
                  __pa_22   0x00a946    program     static C:\Microchip Starter Kits\PIC18F Starter Kit 1\Shenkar\HowmWork 1\main.c
                  __pa_23   0x00a95c    program     static C:\Microchip Starter Kits\PIC18F Starter Kit 1\Shenkar\HowmWork 1\main.c
                  __pa_24   0x00a96a    program     static C:\Microchip Starter Kits\PIC18F Starter Kit 1\Shenkar\HowmWork 1\main.c
                  __pa_25   0x00a972    program     static C:\Microchip Starter Kits\PIC18F Starter Kit 1\Shenkar\HowmWork 1\main.c
                  __pa_26   0x00a97c    program     static C:\Microchip Starter Kits\PIC18F Starter Kit 1\Shenkar\HowmWork 1\main.c
                  __pa_27   0x00a986    program     static C:\Microchip Starter Kits\PIC18F Starter Kit 1\Shenkar\HowmWork 1\main.c
                  __pa_28   0x00a990    program     static C:\Microchip Starter Kits\PIC18F Starter Kit 1\Shenkar\HowmWork 1\main.c
                  __pa_29   0x00a99a    program     static C:\Microchip Starter Kits\PIC18F Starter Kit 1\Shenkar\HowmWork 1\main.c
                   __pa_3   0x00b42c    program     static C:\Microchip Starter Kits\PIC18F Starter Kit 1\Microchip\mTouch\mtouch.c
                   __pa_3   0x00aef0    program     static C:\Microchip Starter Kits\PIC18F Starter Kit 1\Shenkar\HowmWork 1\my_oled.c
                   __pa_3   0x00a7dc    program     static C:\Microchip Starter Kits\PIC18F Starter Kit 1\Shenkar\HowmWork 1\main.c
                  __pa_30   0x00a9a2    program     static C:\Microchip Starter Kits\PIC18F Starter Kit 1\Shenkar\HowmWork 1\main.c
                  __pa_31   0x00a9b4    program     static C:\Microchip Starter Kits\PIC18F Starter Kit 1\Shenkar\HowmWork 1\main.c
                  __pa_32   0x00a9ba    program     static C:\Microchip Starter Kits\PIC18F Starter Kit 1\Shenkar\HowmWork 1\main.c
                  __pa_33   0x00a9c4    program     static C:\Microchip Starter Kits\PIC18F Starter Kit 1\Shenkar\HowmWork 1\main.c
                  __pa_34   0x00a9cc    program     static C:\Microchip Starter Kits\PIC18F Starter Kit 1\Shenkar\HowmWork 1\main.c
                  __pa_35   0x00a9da    program     static C:\Microchip Starter Kits\PIC18F Starter Kit 1\Shenkar\HowmWork 1\main.c
                  __pa_36   0x00a9e8    program     static C:\Microchip Starter Kits\PIC18F Starter Kit 1\Shenkar\HowmWork 1\main.c
                  __pa_37   0x00a9f2    program     static C:\Microchip Starter Kits\PIC18F Starter Kit 1\Shenkar\HowmWork 1\main.c
                  __pa_38   0x00a9fc    program     static C:\Microchip Starter Kits\PIC18F Starter Kit 1\Shenkar\HowmWork 1\main.c
                  __pa_39   0x00aa06    program     static C:\Microchip Starter Kits\PIC18F Starter Kit 1\Shenkar\HowmWork 1\main.c
                   __pa_4   0x00aefa    program     static C:\Microchip Starter Kits\PIC18F Starter Kit 1\Shenkar\HowmWork 1\my_oled.c
                   __pa_4   0x00a7ea    program     static C:\Microchip Starter Kits\PIC18F Starter Kit 1\Shenkar\HowmWork 1\main.c
                  __pa_40   0x00aa10    program     static C:\Microchip Starter Kits\PIC18F Starter Kit 1\Shenkar\HowmWork 1\main.c
                  __pa_41   0x00aa1a    program     static C:\Microchip Starter Kits\PIC18F Starter Kit 1\Shenkar\HowmWork 1\main.c
                  __pa_42   0x00aa22    program     static C:\Microchip Starter Kits\PIC18F Starter Kit 1\Shenkar\HowmWork 1\main.c
                  __pa_43   0x00aa32    program     static C:\Microchip Starter Kits\PIC18F Starter Kit 1\Shenkar\HowmWork 1\main.c
                  __pa_44   0x00aa3c    program     static C:\Microchip Starter Kits\PIC18F Starter Kit 1\Shenkar\HowmWork 1\main.c
                  __pa_45   0x00aa46    program     static C:\Microchip Starter Kits\PIC18F Starter Kit 1\Shenkar\HowmWork 1\main.c
                  __pa_46   0x00aa58    program     static C:\Microchip Starter Kits\PIC18F Starter Kit 1\Shenkar\HowmWork 1\main.c
                  __pa_47   0x00aa60    program     static C:\Microchip Starter Kits\PIC18F Starter Kit 1\Shenkar\HowmWork 1\main.c
                  __pa_48   0x00aa68    program     static C:\Microchip Starter Kits\PIC18F Starter Kit 1\Shenkar\HowmWork 1\main.c
                  __pa_49   0x00aa70    program     static C:\Microchip Starter Kits\PIC18F Starter Kit 1\Shenkar\HowmWork 1\main.c
                   __pa_5   0x00af02    program     static C:\Microchip Starter Kits\PIC18F Starter Kit 1\Shenkar\HowmWork 1\my_oled.c
                   __pa_5   0x00a82a    program     static C:\Microchip Starter Kits\PIC18F Starter Kit 1\Shenkar\HowmWork 1\main.c
                  __pa_50   0x00aa7e    program     static C:\Microchip Starter Kits\PIC18F Starter Kit 1\Shenkar\HowmWork 1\main.c
                  __pa_51   0x00aa8a    program     static C:\Microchip Starter Kits\PIC18F Starter Kit 1\Shenkar\HowmWork 1\main.c
                  __pa_52   0x00aa92    program     static C:\Microchip Starter Kits\PIC18F Starter Kit 1\Shenkar\HowmWork 1\main.c
                  __pa_53   0x00aa9a    program     static C:\Microchip Starter Kits\PIC18F Starter Kit 1\Shenkar\HowmWork 1\main.c
                  __pa_54   0x00aaa2    program     static C:\Microchip Starter Kits\PIC18F Starter Kit 1\Shenkar\HowmWork 1\main.c
                  __pa_55   0x00aaa8    program     static C:\Microchip Starter Kits\PIC18F Starter Kit 1\Shenkar\HowmWork 1\main.c
                  __pa_56   0x00aab0    program     static C:\Microchip Starter Kits\PIC18F Starter Kit 1\Shenkar\HowmWork 1\main.c
                  __pa_57   0x00aab8    program     static C:\Microchip Starter Kits\PIC18F Starter Kit 1\Shenkar\HowmWork 1\main.c
                  __pa_58   0x00aac0    program     static C:\Microchip Starter Kits\PIC18F Starter Kit 1\Shenkar\HowmWork 1\main.c
                  __pa_59   0x00aaca    program     static C:\Microchip Starter Kits\PIC18F Starter Kit 1\Shenkar\HowmWork 1\main.c
                   __pa_6   0x00af1c    program     static C:\Microchip Starter Kits\PIC18F Starter Kit 1\Shenkar\HowmWork 1\my_oled.c
                   __pa_6   0x00a838    program     static C:\Microchip Starter Kits\PIC18F Starter Kit 1\Shenkar\HowmWork 1\main.c
                  __pa_60   0x00aad0    program     static C:\Microchip Starter Kits\PIC18F Starter Kit 1\Shenkar\HowmWork 1\main.c
                  __pa_61   0x00aade    program     static C:\Microchip Starter Kits\PIC18F Starter Kit 1\Shenkar\HowmWork 1\main.c
                  __pa_62   0x00aaec    program     static C:\Microchip Starter Kits\PIC18F Starter Kit 1\Shenkar\HowmWork 1\main.c
                  __pa_63   0x00aafa    program     static C:\Microchip Starter Kits\PIC18F Starter Kit 1\Shenkar\HowmWork 1\main.c
                  __pa_64   0x00ab08    program     static C:\Microchip Starter Kits\PIC18F Starter Kit 1\Shenkar\HowmWork 1\main.c
                  __pa_65   0x00ab0e    program     static C:\Microchip Starter Kits\PIC18F Starter Kit 1\Shenkar\HowmWork 1\main.c
                  __pa_66   0x00ab18    program     static C:\Microchip Starter Kits\PIC18F Starter Kit 1\Shenkar\HowmWork 1\main.c
                  __pa_67   0x00ab22    program     static C:\Microchip Starter Kits\PIC18F Starter Kit 1\Shenkar\HowmWork 1\main.c
                  __pa_68   0x00ab28    program     static C:\Microchip Starter Kits\PIC18F Starter Kit 1\Shenkar\HowmWork 1\main.c
                  __pa_69   0x00ab30    program     static C:\Microchip Starter Kits\PIC18F Starter Kit 1\Shenkar\HowmWork 1\main.c
                   __pa_7   0x00af34    program     static C:\Microchip Starter Kits\PIC18F Starter Kit 1\Shenkar\HowmWork 1\my_oled.c
                   __pa_7   0x00a878    program     static C:\Microchip Starter Kits\PIC18F Starter Kit 1\Shenkar\HowmWork 1\main.c
                  __pa_70   0x00ab38    program     static C:\Microchip Starter Kits\PIC18F Starter Kit 1\Shenkar\HowmWork 1\main.c
                  __pa_71   0x00ab48    program     static C:\Microchip Starter Kits\PIC18F Starter Kit 1\Shenkar\HowmWork 1\main.c
                  __pa_72   0x00ab54    program     static C:\Microchip Starter Kits\PIC18F Starter Kit 1\Shenkar\HowmWork 1\main.c
                  __pa_73   0x00ab62    program     static C:\Microchip Starter Kits\PIC18F Starter Kit 1\Shenkar\HowmWork 1\main.c
                  __pa_74   0x00ab6e    program     static C:\Microchip Starter Kits\PIC18F Starter Kit 1\Shenkar\HowmWork 1\main.c
                  __pa_75   0x00ab7c    program     static C:\Microchip Starter Kits\PIC18F Starter Kit 1\Shenkar\HowmWork 1\main.c
                  __pa_76   0x00ab82    program     static C:\Microchip Starter Kits\PIC18F Starter Kit 1\Shenkar\HowmWork 1\main.c
                  __pa_77   0x00ab8e    program     static C:\Microchip Starter Kits\PIC18F Starter Kit 1\Shenkar\HowmWork 1\main.c
                   __pa_8   0x00a87e    program     static C:\Microchip Starter Kits\PIC18F Starter Kit 1\Shenkar\HowmWork 1\main.c
                   __pa_8   0x00af48    program     static C:\Microchip Starter Kits\PIC18F Starter Kit 1\Shenkar\HowmWork 1\my_oled.c
                   __pa_9   0x00af5a    program     static C:\Microchip Starter Kits\PIC18F Starter Kit 1\Shenkar\HowmWork 1\my_oled.c
                   __pa_9   0x00a888    program     static C:\Microchip Starter Kits\PIC18F Starter Kit 1\Shenkar\HowmWork 1\main.c
               __string_0   0x00b881    program     static C:\Microchip Starter Kits\PIC18F Starter Kit 1\Shenkar\HowmWork 1\main.c
               __string_1   0x00b879    program     static C:\Microchip Starter Kits\PIC18F Starter Kit 1\Shenkar\HowmWork 1\main.c
               __string_2   0x00b871    program     static C:\Microchip Starter Kits\PIC18F Starter Kit 1\Shenkar\HowmWork 1\main.c
               __string_3   0x00b869    program     static C:\Microchip Starter Kits\PIC18F Starter Kit 1\Shenkar\HowmWork 1\main.c
               __string_4   0x00b864    program     static C:\Microchip Starter Kits\PIC18F Starter Kit 1\Shenkar\HowmWork 1\main.c
               __string_5   0x00b85c    program     static C:\Microchip Starter Kits\PIC18F Starter Kit 1\Shenkar\HowmWork 1\main.c
               __string_6   0x00b856    program     static C:\Microchip Starter Kits\PIC18F Starter Kit 1\Shenkar\HowmWork 1\main.c
               __string_7   0x00b853    program     static C:\Microchip Starter Kits\PIC18F Starter Kit 1\Shenkar\HowmWork 1\main.c
               __string_8   0x00b850    program     static C:\Microchip Starter Kits\PIC18F Starter Kit 1\Shenkar\HowmWork 1\main.c
               __tmplbl_0   0x00b0e8    program     static                          
               __tmplbl_1   0x00b0e0    program     static                          
              __tmplbl_28   0x00a8ca    program     static                          
            __zero_memory   0x00b8e0    program     extern C:\MCC18\src\traditional\proc\p18F46J50.asm
                _do_cinit   0x00b7b2    program     extern C:\MCC18\src\traditional\startup\c018i.c
                   _entry   0x000000    program     extern C:\MCC18\src\traditional\startup\c018i.c
                   _reset   0x00a000    program     extern C:\Microchip Starter Kits\PIC18F Starter Kit 1\Shenkar\HowmWork 1\main.c
                 _startup   0x00b8c4    program     extern C:\MCC18\src\traditional\startup\c018i.c
               clear_loop   0x00b8e6    program     static C:\MCC18\src\traditional\proc\p18F46J50.asm
                copy_loop   0x00b824    program     static                          
            copy_one_byte   0x00b82a    program     static                          
    displayAccelerometerX   0x00a3d8    program     extern C:\Microchip Starter Kits\PIC18F Starter Kit 1\Shenkar\HowmWork 1\main.c
    displayAccelerometerY   0x00a560    program     extern C:\Microchip Starter Kits\PIC18F Starter Kit 1\Shenkar\HowmWork 1\main.c
    displayAccelerometerZ   0x00a684    program     extern C:\Microchip Starter Kits\PIC18F Starter Kit 1\Shenkar\HowmWork 1\main.c
       displayButtonPress   0x00a342    program     extern C:\Microchip Starter Kits\PIC18F Starter Kit 1\Shenkar\HowmWork 1\main.c
         displayLeftRight   0x00a172    program     extern C:\Microchip Starter Kits\PIC18F Starter Kit 1\Shenkar\HowmWork 1\main.c
     displayPotentiometer   0x00a26e    program     extern C:\Microchip Starter Kits\PIC18F Starter Kit 1\Shenkar\HowmWork 1\main.c
       displayTemperature   0x00a36e    program     extern C:\Microchip Starter Kits\PIC18F Starter Kit 1\Shenkar\HowmWork 1\main.c
            displayUpDown   0x00a214    program     extern C:\Microchip Starter Kits\PIC18F Starter Kit 1\Shenkar\HowmWork 1\main.c
                     done   0x00b84e    program     static                          
             done_copying   0x00b838    program     static                          
                  endloop   0x00b8be    program     static                          
                g_pucFont   0x00b440    program     extern C:\Microchip Starter Kits\PIC18F Starter Kit 1\Shenkar\HowmWork 1\my_oled.c
                     itoa   0x00a0e8    program     extern C:\Microchip Starter Kits\PIC18F Starter Kit 1\Shenkar\HowmWork 1\main.c
                 itoa_pot   0x00a0bc    program     extern C:\Microchip Starter Kits\PIC18F Starter Kit 1\Shenkar\HowmWork 1\main.c
                     loop   0x00b8a2    program     static                          
                     loop   0x00b8d4    program     static                          
          mTouchCalibrate   0x00b37e    program     extern C:\Microchip Starter Kits\PIC18F Starter Kit 1\Microchip\mTouch\mtouch.c
               mTouchInit   0x00b2a8    program     extern C:\Microchip Starter Kits\PIC18F Starter Kit 1\Microchip\mTouch\mtouch.c
         mTouchReadButton   0x00b2ae    program     extern C:\Microchip Starter Kits\PIC18F Starter Kit 1\Microchip\mTouch\mtouch.c
                     main   0x00a6a4    program     extern C:\Microchip Starter Kits\PIC18F Starter Kit 1\Shenkar\HowmWork 1\main.c
             oledPutImage   0x00adc8    program     extern C:\Microchip Starter Kits\PIC18F Starter Kit 1\Shenkar\HowmWork 1\my_oled.c
         oledPutROMString   0x00ad80    program     extern C:\Microchip Starter Kits\PIC18F Starter Kit 1\Shenkar\HowmWork 1\my_oled.c
            oledPutString   0x00ada4    program     extern C:\Microchip Starter Kits\PIC18F Starter Kit 1\Shenkar\HowmWork 1\my_oled.c
           oledRepeatByte   0x00ae62    program     extern C:\Microchip Starter Kits\PIC18F Starter Kit 1\Shenkar\HowmWork 1\my_oled.c
          oledWriteChar1x   0x00acf8    program     extern C:\Microchip Starter Kits\PIC18F Starter Kit 1\Shenkar\HowmWork 1\my_oled.c
                     test   0x00b7cc    program     static                          
                   ADCON0   0x000fc2       data     extern C:\MCC18\src\traditional\proc\p18F46J50.asm
               ADCON0bits   0x000fc2       data     extern C:\MCC18\src\traditional\proc\p18F46J50.asm
                   ADCON1   0x000fc1       data     extern C:\MCC18\src\traditional\proc\p18F46J50.asm
               ADCON1bits   0x000fc1       data     extern C:\MCC18\src\traditional\proc\p18F46J50.asm
                    ADRES   0x000fc3       data     extern C:\MCC18\src\traditional\proc\p18F46J50.asm
                   ADRESH   0x000fc4       data     extern C:\MCC18\src\traditional\proc\p18F46J50.asm
                   ADRESL   0x000fc3       data     extern C:\MCC18\src\traditional\proc\p18F46J50.asm
                  ALRMCFG   0x000f91       data     extern C:\MCC18\src\traditional\proc\p18F46J50.asm
              ALRMCFGbits   0x000f91       data     extern C:\MCC18\src\traditional\proc\p18F46J50.asm
                  ALRMRPT   0x000f90       data     extern C:\MCC18\src\traditional\proc\p18F46J50.asm
              ALRMRPTbits   0x000f90       data     extern C:\MCC18\src\traditional\proc\p18F46J50.asm
                 ALRMVALH   0x000f8f       data     extern C:\MCC18\src\traditional\proc\p18F46J50.asm
                 ALRMVALL   0x000f8e       data     extern C:\MCC18\src\traditional\proc\p18F46J50.asm
                   ANCON0   0x000f48       data     extern C:\MCC18\src\traditional\proc\p18F46J50.asm
               ANCON0bits   0x000f48       data     extern C:\MCC18\src\traditional\proc\p18F46J50.asm
                   ANCON1   0x000f49       data     extern C:\MCC18\src\traditional\proc\p18F46J50.asm
               ANCON1bits   0x000f49       data     extern C:\MCC18\src\traditional\proc\p18F46J50.asm
                  BAUDCON   0x000f7e       data     extern C:\MCC18\src\traditional\proc\p18F46J50.asm
                 BAUDCON1   0x000f7e       data     extern C:\MCC18\src\traditional\proc\p18F46J50.asm
             BAUDCON1bits   0x000f7e       data     extern C:\MCC18\src\traditional\proc\p18F46J50.asm
                 BAUDCON2   0x000f7c       data     extern C:\MCC18\src\traditional\proc\p18F46J50.asm
             BAUDCON2bits   0x000f7c       data     extern C:\MCC18\src\traditional\proc\p18F46J50.asm
              BAUDCONbits   0x000f7e       data     extern C:\MCC18\src\traditional\proc\p18F46J50.asm
                  BAUDCTL   0x000f7e       data     extern C:\MCC18\src\traditional\proc\p18F46J50.asm
              BAUDCTLbits   0x000f7e       data     extern C:\MCC18\src\traditional\proc\p18F46J50.asm
                      BSR   0x000fe0       data     extern C:\MCC18\src\traditional\proc\p18F46J50.asm
                  CCP1CON   0x000fba       data     extern C:\MCC18\src\traditional\proc\p18F46J50.asm
              CCP1CONbits   0x000fba       data     extern C:\MCC18\src\traditional\proc\p18F46J50.asm
                  CCP2CON   0x000fb4       data     extern C:\MCC18\src\traditional\proc\p18F46J50.asm
              CCP2CONbits   0x000fb4       data     extern C:\MCC18\src\traditional\proc\p18F46J50.asm
                    CCPR1   0x000fbb       data     extern C:\MCC18\src\traditional\proc\p18F46J50.asm
                   CCPR1H   0x000fbc       data     extern C:\MCC18\src\traditional\proc\p18F46J50.asm
                   CCPR1L   0x000fbb       data     extern C:\MCC18\src\traditional\proc\p18F46J50.asm
                    CCPR2   0x000fb5       data     extern C:\MCC18\src\traditional\proc\p18F46J50.asm
                   CCPR2H   0x000fb6       data     extern C:\MCC18\src\traditional\proc\p18F46J50.asm
                   CCPR2L   0x000fb5       data     extern C:\MCC18\src\traditional\proc\p18F46J50.asm
                   CM1CON   0x000fd2       data     extern C:\MCC18\src\traditional\proc\p18F46J50.asm
                  CM1CON1   0x000fd2       data     extern C:\MCC18\src\traditional\proc\p18F46J50.asm
              CM1CON1bits   0x000fd2       data     extern C:\MCC18\src\traditional\proc\p18F46J50.asm
               CM1CONbits   0x000fd2       data     extern C:\MCC18\src\traditional\proc\p18F46J50.asm
                   CM2CON   0x000fd1       data     extern C:\MCC18\src\traditional\proc\p18F46J50.asm
                  CM2CON1   0x000fd1       data     extern C:\MCC18\src\traditional\proc\p18F46J50.asm
              CM2CON1bits   0x000fd1       data     extern C:\MCC18\src\traditional\proc\p18F46J50.asm
               CM2CONbits   0x000fd1       data     extern C:\MCC18\src\traditional\proc\p18F46J50.asm
                   CMSTAT   0x000f70       data     extern C:\MCC18\src\traditional\proc\p18F46J50.asm
                 CMSTATUS   0x000f70       data     extern C:\MCC18\src\traditional\proc\p18F46J50.asm
             CMSTATUSbits   0x000f70       data     extern C:\MCC18\src\traditional\proc\p18F46J50.asm
               CMSTATbits   0x000f70       data     extern C:\MCC18\src\traditional\proc\p18F46J50.asm
                 CTMUCONH   0x000fb3       data     extern C:\MCC18\src\traditional\proc\p18F46J50.asm
             CTMUCONHbits   0x000fb3       data     extern C:\MCC18\src\traditional\proc\p18F46J50.asm
                 CTMUCONL   0x000fb2       data     extern C:\MCC18\src\traditional\proc\p18F46J50.asm
             CTMUCONLbits   0x000fb2       data     extern C:\MCC18\src\traditional\proc\p18F46J50.asm
                 CTMUICON   0x000fb1       data     extern C:\MCC18\src\traditional\proc\p18F46J50.asm
             CTMUICONbits   0x000fb1       data     extern C:\MCC18\src\traditional\proc\p18F46J50.asm
                   CVRCON   0x000f53       data     extern C:\MCC18\src\traditional\proc\p18F46J50.asm
               CVRCONbits   0x000f53       data     extern C:\MCC18\src\traditional\proc\p18F46J50.asm
                   DMABCH   0x000f66       data     extern C:\MCC18\src\traditional\proc\p18F46J50.asm
               DMABCHbits   0x000f66       data     extern C:\MCC18\src\traditional\proc\p18F46J50.asm
                   DMABCL   0x000f67       data     extern C:\MCC18\src\traditional\proc\p18F46J50.asm
                  DMACON1   0x000f88       data     extern C:\MCC18\src\traditional\proc\p18F46J50.asm
              DMACON1bits   0x000f88       data     extern C:\MCC18\src\traditional\proc\p18F46J50.asm
                  DMACON2   0x000f86       data     extern C:\MCC18\src\traditional\proc\p18F46J50.asm
              DMACON2bits   0x000f86       data     extern C:\MCC18\src\traditional\proc\p18F46J50.asm
                   DSCONH   0x000f4d       data     extern C:\MCC18\src\traditional\proc\p18F46J50.asm
               DSCONHbits   0x000f4d       data     extern C:\MCC18\src\traditional\proc\p18F46J50.asm
                   DSCONL   0x000f4c       data     extern C:\MCC18\src\traditional\proc\p18F46J50.asm
               DSCONLbits   0x000f4c       data     extern C:\MCC18\src\traditional\proc\p18F46J50.asm
                   DSGPR0   0x000f4e       data     extern C:\MCC18\src\traditional\proc\p18F46J50.asm
                   DSGPR1   0x000f4f       data     extern C:\MCC18\src\traditional\proc\p18F46J50.asm
                  DSWAKEH   0x000f4b       data     extern C:\MCC18\src\traditional\proc\p18F46J50.asm
              DSWAKEHbits   0x000f4b       data     extern C:\MCC18\src\traditional\proc\p18F46J50.asm
                  DSWAKEL   0x000f4a       data     extern C:\MCC18\src\traditional\proc\p18F46J50.asm
              DSWAKELbits   0x000f4a       data     extern C:\MCC18\src\traditional\proc\p18F46J50.asm
                  ECCP1AS   0x000fbe       data     extern C:\MCC18\src\traditional\proc\p18F46J50.asm
              ECCP1ASbits   0x000fbe       data     extern C:\MCC18\src\traditional\proc\p18F46J50.asm
                 ECCP1CON   0x000fba       data     extern C:\MCC18\src\traditional\proc\p18F46J50.asm
             ECCP1CONbits   0x000fba       data     extern C:\MCC18\src\traditional\proc\p18F46J50.asm
                 ECCP1DEL   0x000fbd       data     extern C:\MCC18\src\traditional\proc\p18F46J50.asm
             ECCP1DELbits   0x000fbd       data     extern C:\MCC18\src\traditional\proc\p18F46J50.asm
                  ECCP2AS   0x000fb8       data     extern C:\MCC18\src\traditional\proc\p18F46J50.asm
              ECCP2ASbits   0x000fb8       data     extern C:\MCC18\src\traditional\proc\p18F46J50.asm
                 ECCP2CON   0x000fb4       data     extern C:\MCC18\src\traditional\proc\p18F46J50.asm
             ECCP2CONbits   0x000fb4       data     extern C:\MCC18\src\traditional\proc\p18F46J50.asm
                 ECCP2DEL   0x000fb7       data     extern C:\MCC18\src\traditional\proc\p18F46J50.asm
             ECCP2DELbits   0x000fb7       data     extern C:\MCC18\src\traditional\proc\p18F46J50.asm
                   EECON1   0x000fa6       data     extern C:\MCC18\src\traditional\proc\p18F46J50.asm
               EECON1bits   0x000fa6       data     extern C:\MCC18\src\traditional\proc\p18F46J50.asm
                   EECON2   0x000fa7       data     extern C:\MCC18\src\traditional\proc\p18F46J50.asm
                     FSR0   0x000fe9       data     extern C:\MCC18\src\traditional\proc\p18F46J50.asm
                    FSR0H   0x000fea       data     extern C:\MCC18\src\traditional\proc\p18F46J50.asm
                    FSR0L   0x000fe9       data     extern C:\MCC18\src\traditional\proc\p18F46J50.asm
                     FSR1   0x000fe1       data     extern C:\MCC18\src\traditional\proc\p18F46J50.asm
                    FSR1H   0x000fe2       data     extern C:\MCC18\src\traditional\proc\p18F46J50.asm
                    FSR1L   0x000fe1       data     extern C:\MCC18\src\traditional\proc\p18F46J50.asm
                     FSR2   0x000fd9       data     extern C:\MCC18\src\traditional\proc\p18F46J50.asm
                    FSR2H   0x000fda       data     extern C:\MCC18\src\traditional\proc\p18F46J50.asm
                    FSR2L   0x000fd9       data     extern C:\MCC18\src\traditional\proc\p18F46J50.asm
                  HLVDCON   0x000f85       data     extern C:\MCC18\src\traditional\proc\p18F46J50.asm
              HLVDCONbits   0x000f85       data     extern C:\MCC18\src\traditional\proc\p18F46J50.asm
                    INDF0   0x000fef       data     extern C:\MCC18\src\traditional\proc\p18F46J50.asm
                    INDF1   0x000fe7       data     extern C:\MCC18\src\traditional\proc\p18F46J50.asm
                    INDF2   0x000fdf       data     extern C:\MCC18\src\traditional\proc\p18F46J50.asm
                   INTCON   0x000ff2       data     extern C:\MCC18\src\traditional\proc\p18F46J50.asm
                  INTCON2   0x000ff1       data     extern C:\MCC18\src\traditional\proc\p18F46J50.asm
              INTCON2bits   0x000ff1       data     extern C:\MCC18\src\traditional\proc\p18F46J50.asm
                  INTCON3   0x000ff0       data     extern C:\MCC18\src\traditional\proc\p18F46J50.asm
              INTCON3bits   0x000ff0       data     extern C:\MCC18\src\traditional\proc\p18F46J50.asm
               INTCONbits   0x000ff2       data     extern C:\MCC18\src\traditional\proc\p18F46J50.asm
                     IPR1   0x000f9f       data     extern C:\MCC18\src\traditional\proc\p18F46J50.asm
                 IPR1bits   0x000f9f       data     extern C:\MCC18\src\traditional\proc\p18F46J50.asm
                     IPR2   0x000fa2       data     extern C:\MCC18\src\traditional\proc\p18F46J50.asm
                 IPR2bits   0x000fa2       data     extern C:\MCC18\src\traditional\proc\p18F46J50.asm
                     IPR3   0x000fa5       data     extern C:\MCC18\src\traditional\proc\p18F46J50.asm
                 IPR3bits   0x000fa5       data     extern C:\MCC18\src\traditional\proc\p18F46J50.asm
                     LATA   0x000f89       data     extern C:\MCC18\src\traditional\proc\p18F46J50.asm
                 LATAbits   0x000f89       data     extern C:\MCC18\src\traditional\proc\p18F46J50.asm
                     LATB   0x000f8a       data     extern C:\MCC18\src\traditional\proc\p18F46J50.asm
                 LATBbits   0x000f8a       data     extern C:\MCC18\src\traditional\proc\p18F46J50.asm
                     LATC   0x000f8b       data     extern C:\MCC18\src\traditional\proc\p18F46J50.asm
                 LATCbits   0x000f8b       data     extern C:\MCC18\src\traditional\proc\p18F46J50.asm
                     LATD   0x000f8c       data     extern C:\MCC18\src\traditional\proc\p18F46J50.asm
                 LATDbits   0x000f8c       data     extern C:\MCC18\src\traditional\proc\p18F46J50.asm
                     LATE   0x000f8d       data     extern C:\MCC18\src\traditional\proc\p18F46J50.asm
                 LATEbits   0x000f8d       data     extern C:\MCC18\src\traditional\proc\p18F46J50.asm
                   ODCON1   0x000f42       data     extern C:\MCC18\src\traditional\proc\p18F46J50.asm
               ODCON1bits   0x000f42       data     extern C:\MCC18\src\traditional\proc\p18F46J50.asm
                   ODCON2   0x000f41       data     extern C:\MCC18\src\traditional\proc\p18F46J50.asm
               ODCON2bits   0x000f41       data     extern C:\MCC18\src\traditional\proc\p18F46J50.asm
                   ODCON3   0x000f40       data     extern C:\MCC18\src\traditional\proc\p18F46J50.asm
               ODCON3bits   0x000f40       data     extern C:\MCC18\src\traditional\proc\p18F46J50.asm
                   OSCCON   0x000fd3       data     extern C:\MCC18\src\traditional\proc\p18F46J50.asm
               OSCCONbits   0x000fd3       data     extern C:\MCC18\src\traditional\proc\p18F46J50.asm
                  OSCTUNE   0x000f9b       data     extern C:\MCC18\src\traditional\proc\p18F46J50.asm
              OSCTUNEbits   0x000f9b       data     extern C:\MCC18\src\traditional\proc\p18F46J50.asm
                  PADCFG1   0x000f3c       data     extern C:\MCC18\src\traditional\proc\p18F46J50.asm
              PADCFG1bits   0x000f3c       data     extern C:\MCC18\src\traditional\proc\p18F46J50.asm
                       PC   0x000ff9       data     extern C:\MCC18\src\traditional\proc\p18F46J50.asm
                      PCL   0x000ff9       data     extern C:\MCC18\src\traditional\proc\p18F46J50.asm
                   PCLATH   0x000ffa       data     extern C:\MCC18\src\traditional\proc\p18F46J50.asm
                   PCLATU   0x000ffb       data     extern C:\MCC18\src\traditional\proc\p18F46J50.asm
                     PIE1   0x000f9d       data     extern C:\MCC18\src\traditional\proc\p18F46J50.asm
                 PIE1bits   0x000f9d       data     extern C:\MCC18\src\traditional\proc\p18F46J50.asm
                     PIE2   0x000fa0       data     extern C:\MCC18\src\traditional\proc\p18F46J50.asm
                 PIE2bits   0x000fa0       data     extern C:\MCC18\src\traditional\proc\p18F46J50.asm
                     PIE3   0x000fa3       data     extern C:\MCC18\src\traditional\proc\p18F46J50.asm
                 PIE3bits   0x000fa3       data     extern C:\MCC18\src\traditional\proc\p18F46J50.asm
                     PIR1   0x000f9e       data     extern C:\MCC18\src\traditional\proc\p18F46J50.asm
                 PIR1bits   0x000f9e       data     extern C:\MCC18\src\traditional\proc\p18F46J50.asm
                     PIR2   0x000fa1       data     extern C:\MCC18\src\traditional\proc\p18F46J50.asm
                 PIR2bits   0x000fa1       data     extern C:\MCC18\src\traditional\proc\p18F46J50.asm
                     PIR3   0x000fa4       data     extern C:\MCC18\src\traditional\proc\p18F46J50.asm
                 PIR3bits   0x000fa4       data     extern C:\MCC18\src\traditional\proc\p18F46J50.asm
                   PLUSW0   0x000feb       data     extern C:\MCC18\src\traditional\proc\p18F46J50.asm
                   PLUSW1   0x000fe3       data     extern C:\MCC18\src\traditional\proc\p18F46J50.asm
                   PLUSW2   0x000fdb       data     extern C:\MCC18\src\traditional\proc\p18F46J50.asm
                  PMADDRH   0x000f6f       data     extern C:\MCC18\src\traditional\proc\p18F46J50.asm
              PMADDRHbits   0x000f6f       data     extern C:\MCC18\src\traditional\proc\p18F46J50.asm
                  PMADDRL   0x000f6e       data     extern C:\MCC18\src\traditional\proc\p18F46J50.asm
                   PMCONH   0x000f5f       data     extern C:\MCC18\src\traditional\proc\p18F46J50.asm
               PMCONHbits   0x000f5f       data     extern C:\MCC18\src\traditional\proc\p18F46J50.asm
                   PMCONL   0x000f5e       data     extern C:\MCC18\src\traditional\proc\p18F46J50.asm
               PMCONLbits   0x000f5e       data     extern C:\MCC18\src\traditional\proc\p18F46J50.asm
                  PMDIN1H   0x000f6d       data     extern C:\MCC18\src\traditional\proc\p18F46J50.asm
                  PMDIN1L   0x000f6c       data     extern C:\MCC18\src\traditional\proc\p18F46J50.asm
                  PMDIN2H   0x000f59       data     extern C:\MCC18\src\traditional\proc\p18F46J50.asm
                  PMDIN2L   0x000f58       data     extern C:\MCC18\src\traditional\proc\p18F46J50.asm
                 PMDOUT1H   0x000f6f       data     extern C:\MCC18\src\traditional\proc\p18F46J50.asm
                 PMDOUT1L   0x000f6e       data     extern C:\MCC18\src\traditional\proc\p18F46J50.asm
                 PMDOUT2H   0x000f5b       data     extern C:\MCC18\src\traditional\proc\p18F46J50.asm
                 PMDOUT2L   0x000f5a       data     extern C:\MCC18\src\traditional\proc\p18F46J50.asm
                     PMEH   0x000f57       data     extern C:\MCC18\src\traditional\proc\p18F46J50.asm
                 PMEHbits   0x000f57       data     extern C:\MCC18\src\traditional\proc\p18F46J50.asm
                     PMEL   0x000f56       data     extern C:\MCC18\src\traditional\proc\p18F46J50.asm
                 PMELbits   0x000f56       data     extern C:\MCC18\src\traditional\proc\p18F46J50.asm
                  PMMODEH   0x000f5d       data     extern C:\MCC18\src\traditional\proc\p18F46J50.asm
              PMMODEHbits   0x000f5d       data     extern C:\MCC18\src\traditional\proc\p18F46J50.asm
                  PMMODEL   0x000f5c       data     extern C:\MCC18\src\traditional\proc\p18F46J50.asm
              PMMODELbits   0x000f5c       data     extern C:\MCC18\src\traditional\proc\p18F46J50.asm
                  PMSTATH   0x000f55       data     extern C:\MCC18\src\traditional\proc\p18F46J50.asm
              PMSTATHbits   0x000f55       data     extern C:\MCC18\src\traditional\proc\p18F46J50.asm
                  PMSTATL   0x000f54       data     extern C:\MCC18\src\traditional\proc\p18F46J50.asm
              PMSTATLbits   0x000f54       data     extern C:\MCC18\src\traditional\proc\p18F46J50.asm
                    PORTA   0x000f80       data     extern C:\MCC18\src\traditional\proc\p18F46J50.asm
                PORTAbits   0x000f80       data     extern C:\MCC18\src\traditional\proc\p18F46J50.asm
                    PORTB   0x000f81       data     extern C:\MCC18\src\traditional\proc\p18F46J50.asm
                PORTBbits   0x000f81       data     extern C:\MCC18\src\traditional\proc\p18F46J50.asm
                    PORTC   0x000f82       data     extern C:\MCC18\src\traditional\proc\p18F46J50.asm
                PORTCbits   0x000f82       data     extern C:\MCC18\src\traditional\proc\p18F46J50.asm
                    PORTD   0x000f83       data     extern C:\MCC18\src\traditional\proc\p18F46J50.asm
                PORTDbits   0x000f83       data     extern C:\MCC18\src\traditional\proc\p18F46J50.asm
                    PORTE   0x000f84       data     extern C:\MCC18\src\traditional\proc\p18F46J50.asm
                PORTEbits   0x000f84       data     extern C:\MCC18\src\traditional\proc\p18F46J50.asm
                 POSTDEC0   0x000fed       data     extern C:\MCC18\src\traditional\proc\p18F46J50.asm
                 POSTDEC1   0x000fe5       data     extern C:\MCC18\src\traditional\proc\p18F46J50.asm
                 POSTDEC2   0x000fdd       data     extern C:\MCC18\src\traditional\proc\p18F46J50.asm
                 POSTINC0   0x000fee       data     extern C:\MCC18\src\traditional\proc\p18F46J50.asm
                 POSTINC1   0x000fe6       data     extern C:\MCC18\src\traditional\proc\p18F46J50.asm
                 POSTINC2   0x000fde       data     extern C:\MCC18\src\traditional\proc\p18F46J50.asm
                   PPSCON   0x000eff       data     extern C:\MCC18\src\traditional\proc\p18F46J50.asm
               PPSCONbits   0x000eff       data     extern C:\MCC18\src\traditional\proc\p18F46J50.asm
                      PR2   0x000fcb       data     extern C:\MCC18\src\traditional\proc\p18F46J50.asm
                      PR4   0x000f77       data     extern C:\MCC18\src\traditional\proc\p18F46J50.asm
                  PREINC0   0x000fec       data     extern C:\MCC18\src\traditional\proc\p18F46J50.asm
                  PREINC1   0x000fe4       data     extern C:\MCC18\src\traditional\proc\p18F46J50.asm
                  PREINC2   0x000fdc       data     extern C:\MCC18\src\traditional\proc\p18F46J50.asm
                     PROD   0x000ff3       data     extern C:\MCC18\src\traditional\proc\p18F46J50.asm
                    PRODH   0x000ff4       data     extern C:\MCC18\src\traditional\proc\p18F46J50.asm
                    PRODL   0x000ff3       data     extern C:\MCC18\src\traditional\proc\p18F46J50.asm
                 PSTR1CON   0x000fbf       data     extern C:\MCC18\src\traditional\proc\p18F46J50.asm
             PSTR1CONbits   0x000fbf       data     extern C:\MCC18\src\traditional\proc\p18F46J50.asm
                 PSTR2CON   0x000fb9       data     extern C:\MCC18\src\traditional\proc\p18F46J50.asm
             PSTR2CONbits   0x000fb9       data     extern C:\MCC18\src\traditional\proc\p18F46J50.asm
                  PWM1CON   0x000fbd       data     extern C:\MCC18\src\traditional\proc\p18F46J50.asm
              PWM1CONbits   0x000fbd       data     extern C:\MCC18\src\traditional\proc\p18F46J50.asm
                  PWM2CON   0x000fb7       data     extern C:\MCC18\src\traditional\proc\p18F46J50.asm
              PWM2CONbits   0x000fb7       data     extern C:\MCC18\src\traditional\proc\p18F46J50.asm
                     RCON   0x000fd0       data     extern C:\MCC18\src\traditional\proc\p18F46J50.asm
                 RCONbits   0x000fd0       data     extern C:\MCC18\src\traditional\proc\p18F46J50.asm
                    RCREG   0x000faf       data     extern C:\MCC18\src\traditional\proc\p18F46J50.asm
                   RCREG1   0x000faf       data     extern C:\MCC18\src\traditional\proc\p18F46J50.asm
                   RCREG2   0x000faa       data     extern C:\MCC18\src\traditional\proc\p18F46J50.asm
                    RCSTA   0x000fac       data     extern C:\MCC18\src\traditional\proc\p18F46J50.asm
                   RCSTA1   0x000fac       data     extern C:\MCC18\src\traditional\proc\p18F46J50.asm
               RCSTA1bits   0x000fac       data     extern C:\MCC18\src\traditional\proc\p18F46J50.asm
                   RCSTA2   0x000f9c       data     extern C:\MCC18\src\traditional\proc\p18F46J50.asm
               RCSTA2bits   0x000f9c       data     extern C:\MCC18\src\traditional\proc\p18F46J50.asm
                RCSTAbits   0x000fac       data     extern C:\MCC18\src\traditional\proc\p18F46J50.asm
                  REFOCON   0x000f3d       data     extern C:\MCC18\src\traditional\proc\p18F46J50.asm
              REFOCONbits   0x000f3d       data     extern C:\MCC18\src\traditional\proc\p18F46J50.asm
                   RPINR1   0x000ee7       data     extern C:\MCC18\src\traditional\proc\p18F46J50.asm
                  RPINR12   0x000ef2       data     extern C:\MCC18\src\traditional\proc\p18F46J50.asm
                  RPINR13   0x000ef3       data     extern C:\MCC18\src\traditional\proc\p18F46J50.asm
                  RPINR16   0x000ef6       data     extern C:\MCC18\src\traditional\proc\p18F46J50.asm
                  RPINR17   0x000ef7       data     extern C:\MCC18\src\traditional\proc\p18F46J50.asm
                   RPINR2   0x000ee8       data     extern C:\MCC18\src\traditional\proc\p18F46J50.asm
                  RPINR21   0x000efb       data     extern C:\MCC18\src\traditional\proc\p18F46J50.asm
                  RPINR22   0x000efc       data     extern C:\MCC18\src\traditional\proc\p18F46J50.asm
                  RPINR23   0x000efd       data     extern C:\MCC18\src\traditional\proc\p18F46J50.asm
                  RPINR24   0x000efe       data     extern C:\MCC18\src\traditional\proc\p18F46J50.asm
                   RPINR3   0x000ee9       data     extern C:\MCC18\src\traditional\proc\p18F46J50.asm
                   RPINR4   0x000eea       data     extern C:\MCC18\src\traditional\proc\p18F46J50.asm
                   RPINR6   0x000eec       data     extern C:\MCC18\src\traditional\proc\p18F46J50.asm
                   RPINR7   0x000eed       data     extern C:\MCC18\src\traditional\proc\p18F46J50.asm
                   RPINR8   0x000eee       data     extern C:\MCC18\src\traditional\proc\p18F46J50.asm
                    RPOR0   0x000ec6       data     extern C:\MCC18\src\traditional\proc\p18F46J50.asm
                    RPOR1   0x000ec7       data     extern C:\MCC18\src\traditional\proc\p18F46J50.asm
                   RPOR10   0x000ed0       data     extern C:\MCC18\src\traditional\proc\p18F46J50.asm
                   RPOR11   0x000ed1       data     extern C:\MCC18\src\traditional\proc\p18F46J50.asm
                   RPOR12   0x000ed2       data     extern C:\MCC18\src\traditional\proc\p18F46J50.asm
                   RPOR13   0x000ed3       data     extern C:\MCC18\src\traditional\proc\p18F46J50.asm
                   RPOR17   0x000ed7       data     extern C:\MCC18\src\traditional\proc\p18F46J50.asm
                   RPOR18   0x000ed8       data     extern C:\MCC18\src\traditional\proc\p18F46J50.asm
                   RPOR19   0x000ed9       data     extern C:\MCC18\src\traditional\proc\p18F46J50.asm
                    RPOR2   0x000ec8       data     extern C:\MCC18\src\traditional\proc\p18F46J50.asm
                   RPOR20   0x000eda       data     extern C:\MCC18\src\traditional\proc\p18F46J50.asm
                   RPOR21   0x000edb       data     extern C:\MCC18\src\traditional\proc\p18F46J50.asm
                   RPOR22   0x000edc       data     extern C:\MCC18\src\traditional\proc\p18F46J50.asm
                   RPOR23   0x000edd       data     extern C:\MCC18\src\traditional\proc\p18F46J50.asm
                   RPOR24   0x000ede       data     extern C:\MCC18\src\traditional\proc\p18F46J50.asm
                    RPOR3   0x000ec9       data     extern C:\MCC18\src\traditional\proc\p18F46J50.asm
                    RPOR4   0x000eca       data     extern C:\MCC18\src\traditional\proc\p18F46J50.asm
                    RPOR5   0x000ecb       data     extern C:\MCC18\src\traditional\proc\p18F46J50.asm
                    RPOR6   0x000ecc       data     extern C:\MCC18\src\traditional\proc\p18F46J50.asm
                    RPOR7   0x000ecd       data     extern C:\MCC18\src\traditional\proc\p18F46J50.asm
                    RPOR8   0x000ece       data     extern C:\MCC18\src\traditional\proc\p18F46J50.asm
                    RPOR9   0x000ecf       data     extern C:\MCC18\src\traditional\proc\p18F46J50.asm
                   RTCCAL   0x000f3e       data     extern C:\MCC18\src\traditional\proc\p18F46J50.asm
               RTCCALbits   0x000f3e       data     extern C:\MCC18\src\traditional\proc\p18F46J50.asm
                   RTCCFG   0x000f3f       data     extern C:\MCC18\src\traditional\proc\p18F46J50.asm
               RTCCFGbits   0x000f3f       data     extern C:\MCC18\src\traditional\proc\p18F46J50.asm
                  RTCVALH   0x000f99       data     extern C:\MCC18\src\traditional\proc\p18F46J50.asm
                  RTCVALL   0x000f98       data     extern C:\MCC18\src\traditional\proc\p18F46J50.asm
                  RXADDRH   0x000f68       data     extern C:\MCC18\src\traditional\proc\p18F46J50.asm
              RXADDRHbits   0x000f68       data     extern C:\MCC18\src\traditional\proc\p18F46J50.asm
                  RXADDRL   0x000f69       data     extern C:\MCC18\src\traditional\proc\p18F46J50.asm
                     SIGN   0x000000       data     extern C:\MCC18\src\traditional\math\cmath18.asm
                    SPBRG   0x000fb0       data     extern C:\MCC18\src\traditional\proc\p18F46J50.asm
                   SPBRG1   0x000fb0       data     extern C:\MCC18\src\traditional\proc\p18F46J50.asm
                   SPBRG2   0x000fab       data     extern C:\MCC18\src\traditional\proc\p18F46J50.asm
                   SPBRGH   0x000f7f       data     extern C:\MCC18\src\traditional\proc\p18F46J50.asm
                  SPBRGH1   0x000f7f       data     extern C:\MCC18\src\traditional\proc\p18F46J50.asm
                  SPBRGH2   0x000f7d       data     extern C:\MCC18\src\traditional\proc\p18F46J50.asm
                  SSP1ADD   0x000fc8       data     extern C:\MCC18\src\traditional\proc\p18F46J50.asm
              SSP1ADDbits   0x000fc8       data     extern C:\MCC18\src\traditional\proc\p18F46J50.asm
                  SSP1BUF   0x000fc9       data     extern C:\MCC18\src\traditional\proc\p18F46J50.asm
                 SSP1CON1   0x000fc6       data     extern C:\MCC18\src\traditional\proc\p18F46J50.asm
             SSP1CON1bits   0x000fc6       data     extern C:\MCC18\src\traditional\proc\p18F46J50.asm
                 SSP1CON2   0x000fc5       data     extern C:\MCC18\src\traditional\proc\p18F46J50.asm
             SSP1CON2bits   0x000fc5       data     extern C:\MCC18\src\traditional\proc\p18F46J50.asm
                 SSP1STAT   0x000fc7       data     extern C:\MCC18\src\traditional\proc\p18F46J50.asm
             SSP1STATbits   0x000fc7       data     extern C:\MCC18\src\traditional\proc\p18F46J50.asm
                  SSP2ADD   0x000f74       data     extern C:\MCC18\src\traditional\proc\p18F46J50.asm
              SSP2ADDbits   0x000f74       data     extern C:\MCC18\src\traditional\proc\p18F46J50.asm
                  SSP2BUF   0x000f75       data     extern C:\MCC18\src\traditional\proc\p18F46J50.asm
                 SSP2CON1   0x000f72       data     extern C:\MCC18\src\traditional\proc\p18F46J50.asm
             SSP2CON1bits   0x000f72       data     extern C:\MCC18\src\traditional\proc\p18F46J50.asm
                 SSP2CON2   0x000f71       data     extern C:\MCC18\src\traditional\proc\p18F46J50.asm
             SSP2CON2bits   0x000f71       data     extern C:\MCC18\src\traditional\proc\p18F46J50.asm
                 SSP2STAT   0x000f73       data     extern C:\MCC18\src\traditional\proc\p18F46J50.asm
             SSP2STATbits   0x000f73       data     extern C:\MCC18\src\traditional\proc\p18F46J50.asm
                   SSPADD   0x000fc8       data     extern C:\MCC18\src\traditional\proc\p18F46J50.asm
               SSPADDbits   0x000fc8       data     extern C:\MCC18\src\traditional\proc\p18F46J50.asm
                   SSPBUF   0x000fc9       data     extern C:\MCC18\src\traditional\proc\p18F46J50.asm
                  SSPCON1   0x000fc6       data     extern C:\MCC18\src\traditional\proc\p18F46J50.asm
              SSPCON1bits   0x000fc6       data     extern C:\MCC18\src\traditional\proc\p18F46J50.asm
                  SSPCON2   0x000fc5       data     extern C:\MCC18\src\traditional\proc\p18F46J50.asm
              SSPCON2bits   0x000fc5       data     extern C:\MCC18\src\traditional\proc\p18F46J50.asm
                  SSPSTAT   0x000fc7       data     extern C:\MCC18\src\traditional\proc\p18F46J50.asm
              SSPSTATbits   0x000fc7       data     extern C:\MCC18\src\traditional\proc\p18F46J50.asm
                   STATUS   0x000fd8       data     extern C:\MCC18\src\traditional\proc\p18F46J50.asm
               STATUSbits   0x000fd8       data     extern C:\MCC18\src\traditional\proc\p18F46J50.asm
                   STKPTR   0x000ffc       data     extern C:\MCC18\src\traditional\proc\p18F46J50.asm
               STKPTRbits   0x000ffc       data     extern C:\MCC18\src\traditional\proc\p18F46J50.asm
                    T0CON   0x000fd5       data     extern C:\MCC18\src\traditional\proc\p18F46J50.asm
                T0CONbits   0x000fd5       data     extern C:\MCC18\src\traditional\proc\p18F46J50.asm
                    T1CON   0x000fcd       data     extern C:\MCC18\src\traditional\proc\p18F46J50.asm
                T1CONbits   0x000fcd       data     extern C:\MCC18\src\traditional\proc\p18F46J50.asm
                   T1GCON   0x000f9a       data     extern C:\MCC18\src\traditional\proc\p18F46J50.asm
               T1GCONbits   0x000f9a       data     extern C:\MCC18\src\traditional\proc\p18F46J50.asm
                    T2CON   0x000fca       data     extern C:\MCC18\src\traditional\proc\p18F46J50.asm
                T2CONbits   0x000fca       data     extern C:\MCC18\src\traditional\proc\p18F46J50.asm
                    T3CON   0x000f79       data     extern C:\MCC18\src\traditional\proc\p18F46J50.asm
                T3CONbits   0x000f79       data     extern C:\MCC18\src\traditional\proc\p18F46J50.asm
                   T3GCON   0x000f97       data     extern C:\MCC18\src\traditional\proc\p18F46J50.asm
               T3GCONbits   0x000f97       data     extern C:\MCC18\src\traditional\proc\p18F46J50.asm
                    T4CON   0x000f76       data     extern C:\MCC18\src\traditional\proc\p18F46J50.asm
                T4CONbits   0x000f76       data     extern C:\MCC18\src\traditional\proc\p18F46J50.asm
                   TABLAT   0x000ff5       data     extern C:\MCC18\src\traditional\proc\p18F46J50.asm
                   TBLPTR   0x000ff6       data     extern C:\MCC18\src\traditional\proc\p18F46J50.asm
                  TBLPTRH   0x000ff7       data     extern C:\MCC18\src\traditional\proc\p18F46J50.asm
                  TBLPTRL   0x000ff6       data     extern C:\MCC18\src\traditional\proc\p18F46J50.asm
                  TBLPTRU   0x000ff8       data     extern C:\MCC18\src\traditional\proc\p18F46J50.asm
                  TCLKCON   0x000f52       data     extern C:\MCC18\src\traditional\proc\p18F46J50.asm
              TCLKCONbits   0x000f52       data     extern C:\MCC18\src\traditional\proc\p18F46J50.asm
                    TMR0H   0x000fd7       data     extern C:\MCC18\src\traditional\proc\p18F46J50.asm
                    TMR0L   0x000fd6       data     extern C:\MCC18\src\traditional\proc\p18F46J50.asm
                    TMR1H   0x000fcf       data     extern C:\MCC18\src\traditional\proc\p18F46J50.asm
                    TMR1L   0x000fce       data     extern C:\MCC18\src\traditional\proc\p18F46J50.asm
                     TMR2   0x000fcc       data     extern C:\MCC18\src\traditional\proc\p18F46J50.asm
                    TMR3H   0x000f7b       data     extern C:\MCC18\src\traditional\proc\p18F46J50.asm
                    TMR3L   0x000f7a       data     extern C:\MCC18\src\traditional\proc\p18F46J50.asm
                     TMR4   0x000f78       data     extern C:\MCC18\src\traditional\proc\p18F46J50.asm
                      TOS   0x000ffd       data     extern C:\MCC18\src\traditional\proc\p18F46J50.asm
                     TOSH   0x000ffe       data     extern C:\MCC18\src\traditional\proc\p18F46J50.asm
                     TOSL   0x000ffd       data     extern C:\MCC18\src\traditional\proc\p18F46J50.asm
                     TOSU   0x000fff       data     extern C:\MCC18\src\traditional\proc\p18F46J50.asm
                    TRISA   0x000f92       data     extern C:\MCC18\src\traditional\proc\p18F46J50.asm
                TRISAbits   0x000f92       data     extern C:\MCC18\src\traditional\proc\p18F46J50.asm
                    TRISB   0x000f93       data     extern C:\MCC18\src\traditional\proc\p18F46J50.asm
                TRISBbits   0x000f93       data     extern C:\MCC18\src\traditional\proc\p18F46J50.asm
                    TRISC   0x000f94       data     extern C:\MCC18\src\traditional\proc\p18F46J50.asm
                TRISCbits   0x000f94       data     extern C:\MCC18\src\traditional\proc\p18F46J50.asm
                    TRISD   0x000f95       data     extern C:\MCC18\src\traditional\proc\p18F46J50.asm
                TRISDbits   0x000f95       data     extern C:\MCC18\src\traditional\proc\p18F46J50.asm
                    TRISE   0x000f96       data     extern C:\MCC18\src\traditional\proc\p18F46J50.asm
                TRISEbits   0x000f96       data     extern C:\MCC18\src\traditional\proc\p18F46J50.asm
                  TXADDRH   0x000f6a       data     extern C:\MCC18\src\traditional\proc\p18F46J50.asm
              TXADDRHbits   0x000f6a       data     extern C:\MCC18\src\traditional\proc\p18F46J50.asm
                  TXADDRL   0x000f6b       data     extern C:\MCC18\src\traditional\proc\p18F46J50.asm
                    TXREG   0x000fae       data     extern C:\MCC18\src\traditional\proc\p18F46J50.asm
                   TXREG1   0x000fae       data     extern C:\MCC18\src\traditional\proc\p18F46J50.asm
                   TXREG2   0x000fa9       data     extern C:\MCC18\src\traditional\proc\p18F46J50.asm
                    TXSTA   0x000fad       data     extern C:\MCC18\src\traditional\proc\p18F46J50.asm
                   TXSTA1   0x000fad       data     extern C:\MCC18\src\traditional\proc\p18F46J50.asm
               TXSTA1bits   0x000fad       data     extern C:\MCC18\src\traditional\proc\p18F46J50.asm
                   TXSTA2   0x000fa8       data     extern C:\MCC18\src\traditional\proc\p18F46J50.asm
               TXSTA2bits   0x000fa8       data     extern C:\MCC18\src\traditional\proc\p18F46J50.asm
                TXSTAbits   0x000fad       data     extern C:\MCC18\src\traditional\proc\p18F46J50.asm
                    UADDR   0x000f38       data     extern C:\MCC18\src\traditional\proc\p18F46J50.asm
                UADDRbits   0x000f38       data     extern C:\MCC18\src\traditional\proc\p18F46J50.asm
                     UCFG   0x000f39       data     extern C:\MCC18\src\traditional\proc\p18F46J50.asm
                 UCFGbits   0x000f39       data     extern C:\MCC18\src\traditional\proc\p18F46J50.asm
                     UCON   0x000f65       data     extern C:\MCC18\src\traditional\proc\p18F46J50.asm
                 UCONbits   0x000f65       data     extern C:\MCC18\src\traditional\proc\p18F46J50.asm
                     UEIE   0x000f37       data     extern C:\MCC18\src\traditional\proc\p18F46J50.asm
                 UEIEbits   0x000f37       data     extern C:\MCC18\src\traditional\proc\p18F46J50.asm
                     UEIR   0x000f63       data     extern C:\MCC18\src\traditional\proc\p18F46J50.asm
                 UEIRbits   0x000f63       data     extern C:\MCC18\src\traditional\proc\p18F46J50.asm
                     UEP0   0x000f26       data     extern C:\MCC18\src\traditional\proc\p18F46J50.asm
                 UEP0bits   0x000f26       data     extern C:\MCC18\src\traditional\proc\p18F46J50.asm
                     UEP1   0x000f27       data     extern C:\MCC18\src\traditional\proc\p18F46J50.asm
                    UEP10   0x000f30       data     extern C:\MCC18\src\traditional\proc\p18F46J50.asm
                UEP10bits   0x000f30       data     extern C:\MCC18\src\traditional\proc\p18F46J50.asm
                    UEP11   0x000f31       data     extern C:\MCC18\src\traditional\proc\p18F46J50.asm
                UEP11bits   0x000f31       data     extern C:\MCC18\src\traditional\proc\p18F46J50.asm
                    UEP12   0x000f32       data     extern C:\MCC18\src\traditional\proc\p18F46J50.asm
                UEP12bits   0x000f32       data     extern C:\MCC18\src\traditional\proc\p18F46J50.asm
                    UEP13   0x000f33       data     extern C:\MCC18\src\traditional\proc\p18F46J50.asm
                UEP13bits   0x000f33       data     extern C:\MCC18\src\traditional\proc\p18F46J50.asm
                    UEP14   0x000f34       data     extern C:\MCC18\src\traditional\proc\p18F46J50.asm
                UEP14bits   0x000f34       data     extern C:\MCC18\src\traditional\proc\p18F46J50.asm
                    UEP15   0x000f35       data     extern C:\MCC18\src\traditional\proc\p18F46J50.asm
                UEP15bits   0x000f35       data     extern C:\MCC18\src\traditional\proc\p18F46J50.asm
                 UEP1bits   0x000f27       data     extern C:\MCC18\src\traditional\proc\p18F46J50.asm
                     UEP2   0x000f28       data     extern C:\MCC18\src\traditional\proc\p18F46J50.asm
                 UEP2bits   0x000f28       data     extern C:\MCC18\src\traditional\proc\p18F46J50.asm
                     UEP3   0x000f29       data     extern C:\MCC18\src\traditional\proc\p18F46J50.asm
                 UEP3bits   0x000f29       data     extern C:\MCC18\src\traditional\proc\p18F46J50.asm
                     UEP4   0x000f2a       data     extern C:\MCC18\src\traditional\proc\p18F46J50.asm
                 UEP4bits   0x000f2a       data     extern C:\MCC18\src\traditional\proc\p18F46J50.asm
                     UEP5   0x000f2b       data     extern C:\MCC18\src\traditional\proc\p18F46J50.asm
                 UEP5bits   0x000f2b       data     extern C:\MCC18\src\traditional\proc\p18F46J50.asm
                     UEP6   0x000f2c       data     extern C:\MCC18\src\traditional\proc\p18F46J50.asm
                 UEP6bits   0x000f2c       data     extern C:\MCC18\src\traditional\proc\p18F46J50.asm
                     UEP7   0x000f2d       data     extern C:\MCC18\src\traditional\proc\p18F46J50.asm
                 UEP7bits   0x000f2d       data     extern C:\MCC18\src\traditional\proc\p18F46J50.asm
                     UEP8   0x000f2e       data     extern C:\MCC18\src\traditional\proc\p18F46J50.asm
                 UEP8bits   0x000f2e       data     extern C:\MCC18\src\traditional\proc\p18F46J50.asm
                     UEP9   0x000f2f       data     extern C:\MCC18\src\traditional\proc\p18F46J50.asm
                 UEP9bits   0x000f2f       data     extern C:\MCC18\src\traditional\proc\p18F46J50.asm
                     UFRM   0x000f60       data     extern C:\MCC18\src\traditional\proc\p18F46J50.asm
                    UFRMH   0x000f61       data     extern C:\MCC18\src\traditional\proc\p18F46J50.asm
                UFRMHbits   0x000f61       data     extern C:\MCC18\src\traditional\proc\p18F46J50.asm
                    UFRML   0x000f60       data     extern C:\MCC18\src\traditional\proc\p18F46J50.asm
                UFRMLbits   0x000f60       data     extern C:\MCC18\src\traditional\proc\p18F46J50.asm
                      UIE   0x000f36       data     extern C:\MCC18\src\traditional\proc\p18F46J50.asm
                  UIEbits   0x000f36       data     extern C:\MCC18\src\traditional\proc\p18F46J50.asm
                      UIR   0x000f62       data     extern C:\MCC18\src\traditional\proc\p18F46J50.asm
                  UIRbits   0x000f62       data     extern C:\MCC18\src\traditional\proc\p18F46J50.asm
                    USTAT   0x000f64       data     extern C:\MCC18\src\traditional\proc\p18F46J50.asm
                USTATbits   0x000f64       data     extern C:\MCC18\src\traditional\proc\p18F46J50.asm
                   WDTCON   0x000fc0       data     extern C:\MCC18\src\traditional\proc\p18F46J50.asm
               WDTCONbits   0x000fc0       data     extern C:\MCC18\src\traditional\proc\p18F46J50.asm
                     WREG   0x000fe8       data     extern C:\MCC18\src\traditional\proc\p18F46J50.asm
                 __AARGB0   0x000009       data     extern C:\MCC18\src\traditional\math\aarg.asm
                 __AARGB1   0x000008       data     extern C:\MCC18\src\traditional\math\aarg.asm
                 __AARGB2   0x000007       data     extern C:\MCC18\src\traditional\math\aarg.asm
                 __AARGB3   0x000006       data     extern C:\MCC18\src\traditional\math\aarg.asm
                 __AARGB4   0x000005       data     extern C:\MCC18\src\traditional\math\aarg.asm
                 __AARGB5   0x000004       data     extern C:\MCC18\src\traditional\math\aarg.asm
                 __AARGB6   0x000003       data     extern C:\MCC18\src\traditional\math\aarg.asm
                 __AARGB7   0x000002       data     extern C:\MCC18\src\traditional\math\aarg.asm
                   __AEXP   0x00000a       data     extern C:\MCC18\src\traditional\math\aarg.asm
                 __BARGB0   0x00000e       data     extern C:\MCC18\src\traditional\math\barg.asm
                 __BARGB1   0x00000d       data     extern C:\MCC18\src\traditional\math\barg.asm
                 __BARGB2   0x00000c       data     extern C:\MCC18\src\traditional\math\barg.asm
                 __BARGB3   0x00000b       data     extern C:\MCC18\src\traditional\math\barg.asm
                   __BEXP   0x00000f       data     extern C:\MCC18\src\traditional\math\barg.asm
                __FPFLAGS   0x000001       data     extern C:\MCC18\src\traditional\math\cmath18.asm
            __FPFLAGSbits   0x000001       data     extern C:\MCC18\src\traditional\math\cmath18.asm
                  __REMB0   0x000005       data     extern C:\MCC18\src\traditional\math\aarg.asm
                  __REMB1   0x000004       data     extern C:\MCC18\src\traditional\math\aarg.asm
                  __REMB2   0x000003       data     extern C:\MCC18\src\traditional\math\aarg.asm
                  __REMB3   0x000002       data     extern C:\MCC18\src\traditional\math\aarg.asm
                   __TEMP   0x000013       data     extern C:\MCC18\src\traditional\math\temparg.asm
                 __TEMPB0   0x000013       data     extern C:\MCC18\src\traditional\math\temparg.asm
                 __TEMPB1   0x000012       data     extern C:\MCC18\src\traditional\math\temparg.asm
                 __TEMPB2   0x000011       data     extern C:\MCC18\src\traditional\math\temparg.asm
                 __TEMPB3   0x000010       data     extern C:\MCC18\src\traditional\math\temparg.asm
                  __tmp_0   0x000014       data     static C:\Microchip Starter Kits\PIC18F Starter Kit 1\Shenkar\HowmWork 1\main.c
                  __tmp_0   0x000014       data     static C:\Microchip Starter Kits\PIC18F Starter Kit 1\Microchip\mTouch\mtouch.c
                  __tmp_0   0x000014       data     static C:\Microchip Starter Kits\PIC18F Starter Kit 1\Shenkar\HowmWork 1\my_oled.c
              _clipBottom   0x000069       data     extern C:\Microchip Starter Kits\PIC18F Starter Kit 1\Shenkar\HowmWork 1\my_oled.c
                _clipLeft   0x000063       data     extern C:\Microchip Starter Kits\PIC18F Starter Kit 1\Shenkar\HowmWork 1\my_oled.c
                 _clipRgn   0x000061       data     extern C:\Microchip Starter Kits\PIC18F Starter Kit 1\Shenkar\HowmWork 1\my_oled.c
[...]
                    TRISC   0x000f94       data     extern C:\MCC18\src\traditional\proc\p18F46J50.asm
                TRISDbits   0x000f95       data     extern C:\MCC18\src\traditional\proc\p18F46J50.asm
                    TRISD   0x000f95       data     extern C:\MCC18\src\traditional\proc\p18F46J50.asm
                    TRISE   0x000f96       data     extern C:\MCC18\src\traditional\proc\p18F46J50.asm
                TRISEbits   0x000f96       data     extern C:\MCC18\src\traditional\proc\p18F46J50.asm
               T3GCONbits   0x000f97       data     extern C:\MCC18\src\traditional\proc\p18F46J50.asm
                   T3GCON   0x000f97       data     extern C:\MCC18\src\traditional\proc\p18F46J50.asm
                  RTCVALL   0x000f98       data     extern C:\MCC18\src\traditional\proc\p18F46J50.asm
                  RTCVALH   0x000f99       data     extern C:\MCC18\src\traditional\proc\p18F46J50.asm
               T1GCONbits   0x000f9a       data     extern C:\MCC18\src\traditional\proc\p18F46J50.asm
                   T1GCON   0x000f9a       data     extern C:\MCC18\src\traditional\proc\p18F46J50.asm
                  OSCTUNE   0x000f9b       data     extern C:\MCC18\src\traditional\proc\p18F46J50.asm
              OSCTUNEbits   0x000f9b       data     extern C:\MCC18\src\traditional\proc\p18F46J50.asm
                   RCSTA2   0x000f9c       data     extern C:\MCC18\src\traditional\proc\p18F46J50.asm
               RCSTA2bits   0x000f9c       data     extern C:\MCC18\src\traditional\proc\p18F46J50.asm
                     PIE1   0x000f9d       data     extern C:\MCC18\src\traditional\proc\p18F46J50.asm
                 PIE1bits   0x000f9d       data     extern C:\MCC18\src\traditional\proc\p18F46J50.asm
                 PIR1bits   0x000f9e       data     extern C:\MCC18\src\traditional\proc\p18F46J50.asm
                     PIR1   0x000f9e       data     extern C:\MCC18\src\traditional\proc\p18F46J50.asm
                     IPR1   0x000f9f       data     extern C:\MCC18\src\traditional\proc\p18F46J50.asm
                 IPR1bits   0x000f9f       data     extern C:\MCC18\src\traditional\proc\p18F46J50.asm
                     PIE2   0x000fa0       data     extern C:\MCC18\src\traditional\proc\p18F46J50.asm
                 PIE2bits   0x000fa0       data     extern C:\MCC18\src\traditional\proc\p18F46J50.asm
                 PIR2bits   0x000fa1       data     extern C:\MCC18\src\traditional\proc\p18F46J50.asm
                     PIR2   0x000fa1       data     extern C:\MCC18\src\traditional\proc\p18F46J50.asm
                     IPR2   0x000fa2       data     extern C:\MCC18\src\traditional\proc\p18F46J50.asm
                 IPR2bits   0x000fa2       data     extern C:\MCC18\src\traditional\proc\p18F46J50.asm
                     PIE3   0x000fa3       data     extern C:\MCC18\src\traditional\proc\p18F46J50.asm
                 PIE3bits   0x000fa3       data     extern C:\MCC18\src\traditional\proc\p18F46J50.asm
                     PIR3   0x000fa4       data     extern C:\MCC18\src\traditional\proc\p18F46J50.asm
                 PIR3bits   0x000fa4       data     extern C:\MCC18\src\traditional\proc\p18F46J50.asm
                     IPR3   0x000fa5       data     extern C:\MCC18\src\traditional\proc\p18F46J50.asm
                 IPR3bits   0x000fa5       data     extern C:\MCC18\src\traditional\proc\p18F46J50.asm
                   EECON1   0x000fa6       data     extern C:\MCC18\src\traditional\proc\p18F46J50.asm
               EECON1bits   0x000fa6       data     extern C:\MCC18\src\traditional\proc\p18F46J50.asm
                   EECON2   0x000fa7       data     extern C:\MCC18\src\traditional\proc\p18F46J50.asm
                   TXSTA2   0x000fa8       data     extern C:\MCC18\src\traditional\proc\p18F46J50.asm
               TXSTA2bits   0x000fa8       data     extern C:\MCC18\src\traditional\proc\p18F46J50.asm
                   TXREG2   0x000fa9       data     extern C:\MCC18\src\traditional\proc\p18F46J50.asm
                   RCREG2   0x000faa       data     extern C:\MCC18\src\traditional\proc\p18F46J50.asm
                   SPBRG2   0x000fab       data     extern C:\MCC18\src\traditional\proc\p18F46J50.asm
                    RCSTA   0x000fac       data     extern C:\MCC18\src\traditional\proc\p18F46J50.asm
                   RCSTA1   0x000fac       data     extern C:\MCC18\src\traditional\proc\p18F46J50.asm
               RCSTA1bits   0x000fac       data     extern C:\MCC18\src\traditional\proc\p18F46J50.asm
                RCSTAbits   0x000fac       data     extern C:\MCC18\src\traditional\proc\p18F46J50.asm
                TXSTAbits   0x000fad       data     extern C:\MCC18\src\traditional\proc\p18F46J50.asm
               TXSTA1bits   0x000fad       data     extern C:\MCC18\src\traditional\proc\p18F46J50.asm
                   TXSTA1   0x000fad       data     extern C:\MCC18\src\traditional\proc\p18F46J50.asm
                    TXSTA   0x000fad       data     extern C:\MCC18\src\traditional\proc\p18F46J50.asm
                    TXREG   0x000fae       data     extern C:\MCC18\src\traditional\proc\p18F46J50.asm
                   TXREG1   0x000fae       data     extern C:\MCC18\src\traditional\proc\p18F46J50.asm
                   RCREG1   0x000faf       data     extern C:\MCC18\src\traditional\proc\p18F46J50.asm
                    RCREG   0x000faf       data     extern C:\MCC18\src\traditional\proc\p18F46J50.asm
                    SPBRG   0x000fb0       data     extern C:\MCC18\src\traditional\proc\p18F46J50.asm
                   SPBRG1   0x000fb0       data     extern C:\MCC18\src\traditional\proc\p18F46J50.asm
                 CTMUICON   0x000fb1       data     extern C:\MCC18\src\traditional\proc\p18F46J50.asm
             CTMUICONbits   0x000fb1       data     extern C:\MCC18\src\traditional\proc\p18F46J50.asm
                 CTMUCONL   0x000fb2       data     extern C:\MCC18\src\traditional\proc\p18F46J50.asm
             CTMUCONLbits   0x000fb2       data     extern C:\MCC18\src\traditional\proc\p18F46J50.asm
                 CTMUCONH   0x000fb3       data     extern C:\MCC18\src\traditional\proc\p18F46J50.asm
             CTMUCONHbits   0x000fb3       data     extern C:\MCC18\src\traditional\proc\p18F46J50.asm
                 ECCP2CON   0x000fb4       data     extern C:\MCC18\src\traditional\proc\p18F46J50.asm
             ECCP2CONbits   0x000fb4       data     extern C:\MCC18\src\traditional\proc\p18F46J50.asm
                  CCP2CON   0x000fb4       data     extern C:\MCC18\src\traditional\proc\p18F46J50.asm
              CCP2CONbits   0x000fb4       data     extern C:\MCC18\src\traditional\proc\p18F46J50.asm
                   CCPR2L   0x000fb5       data     extern C:\MCC18\src\traditional\proc\p18F46J50.asm
                    CCPR2   0x000fb5       data     extern C:\MCC18\src\traditional\proc\p18F46J50.asm
                   CCPR2H   0x000fb6       data     extern C:\MCC18\src\traditional\proc\p18F46J50.asm
                  PWM2CON   0x000fb7       data     extern C:\MCC18\src\traditional\proc\p18F46J50.asm
              PWM2CONbits   0x000fb7       data     extern C:\MCC18\src\traditional\proc\p18F46J50.asm
                 ECCP2DEL   0x000fb7       data     extern C:\MCC18\src\traditional\proc\p18F46J50.asm
             ECCP2DELbits   0x000fb7       data     extern C:\MCC18\src\traditional\proc\p18F46J50.asm
              ECCP2ASbits   0x000fb8       data     extern C:\MCC18\src\traditional\proc\p18F46J50.asm
                  ECCP2AS   0x000fb8       data     extern C:\MCC18\src\traditional\proc\p18F46J50.asm
             PSTR2CONbits   0x000fb9       data     extern C:\MCC18\src\traditional\proc\p18F46J50.asm
                 PSTR2CON   0x000fb9       data     extern C:\MCC18\src\traditional\proc\p18F46J50.asm
             ECCP1CONbits   0x000fba       data     extern C:\MCC18\src\traditional\proc\p18F46J50.asm
                 ECCP1CON   0x000fba       data     extern C:\MCC18\src\traditional\proc\p18F46J50.asm
                  CCP1CON   0x000fba       data     extern C:\MCC18\src\traditional\proc\p18F46J50.asm
              CCP1CONbits   0x000fba       data     extern C:\MCC18\src\traditional\proc\p18F46J50.asm
                   CCPR1L   0x000fbb       data     extern C:\MCC18\src\traditional\proc\p18F46J50.asm
                    CCPR1   0x000fbb       data     extern C:\MCC18\src\traditional\proc\p18F46J50.asm
                   CCPR1H   0x000fbc       data     extern C:\MCC18\src\traditional\proc\p18F46J50.asm
                  PWM1CON   0x000fbd       data     extern C:\MCC18\src\traditional\proc\p18F46J50.asm
              PWM1CONbits   0x000fbd       data     extern C:\MCC18\src\traditional\proc\p18F46J50.asm
             ECCP1DELbits   0x000fbd       data     extern C:\MCC18\src\traditional\proc\p18F46J50.asm
                 ECCP1DEL   0x000fbd       data     extern C:\MCC18\src\traditional\proc\p18F46J50.asm
                  ECCP1AS   0x000fbe       data     extern C:\MCC18\src\traditional\proc\p18F46J50.asm
              ECCP1ASbits   0x000fbe       data     extern C:\MCC18\src\traditional\proc\p18F46J50.asm
                 PSTR1CON   0x000fbf       data     extern C:\MCC18\src\traditional\proc\p18F46J50.asm
             PSTR1CONbits   0x000fbf       data     extern C:\MCC18\src\traditional\proc\p18F46J50.asm
               WDTCONbits   0x000fc0       data     extern C:\MCC18\src\traditional\proc\p18F46J50.asm
                   WDTCON   0x000fc0       data     extern C:\MCC18\src\traditional\proc\p18F46J50.asm
                   ADCON1   0x000fc1       data     extern C:\MCC18\src\traditional\proc\p18F46J50.asm
               ADCON1bits   0x000fc1       data     extern C:\MCC18\src\traditional\proc\p18F46J50.asm
               ADCON0bits   0x000fc2       data     extern C:\MCC18\src\traditional\proc\p18F46J50.asm
                   ADCON0   0x000fc2       data     extern C:\MCC18\src\traditional\proc\p18F46J50.asm
                   ADRESL   0x000fc3       data     extern C:\MCC18\src\traditional\proc\p18F46J50.asm
                    ADRES   0x000fc3       data     extern C:\MCC18\src\traditional\proc\p18F46J50.asm
                   ADRESH   0x000fc4       data     extern C:\MCC18\src\traditional\proc\p18F46J50.asm
                 SSP1CON2   0x000fc5       data     extern C:\MCC18\src\traditional\proc\p18F46J50.asm
             SSP1CON2bits   0x000fc5       data     extern C:\MCC18\src\traditional\proc\p18F46J50.asm
                  SSPCON2   0x000fc5       data     extern C:\MCC18\src\traditional\proc\p18F46J50.asm
              SSPCON2bits   0x000fc5       data     extern C:\MCC18\src\traditional\proc\p18F46J50.asm
                 SSP1CON1   0x000fc6       data     extern C:\MCC18\src\traditional\proc\p18F46J50.asm
             SSP1CON1bits   0x000fc6       data     extern C:\MCC18\src\traditional\proc\p18F46J50.asm
                  SSPCON1   0x000fc6       data     extern C:\MCC18\src\traditional\proc\p18F46J50.asm
              SSPCON1bits   0x000fc6       data     extern C:\MCC18\src\traditional\proc\p18F46J50.asm
                  SSPSTAT   0x000fc7       data     extern C:\MCC18\src\traditional\proc\p18F46J50.asm
              SSPSTATbits   0x000fc7       data     extern C:\MCC18\src\traditional\proc\p18F46J50.asm
                 SSP1STAT   0x000fc7       data     extern C:\MCC18\src\traditional\proc\p18F46J50.asm
             SSP1STATbits   0x000fc7       data     extern C:\MCC18\src\traditional\proc\p18F46J50.asm
                  SSP1ADD   0x000fc8       data     extern C:\MCC18\src\traditional\proc\p18F46J50.asm
              SSP1ADDbits   0x000fc8       data     extern C:\MCC18\src\traditional\proc\p18F46J50.asm
               SSPADDbits   0x000fc8       data     extern C:\MCC18\src\traditional\proc\p18F46J50.asm
                   SSPADD   0x000fc8       data     extern C:\MCC18\src\traditional\proc\p18F46J50.asm
                  SSP1BUF   0x000fc9       data     extern C:\MCC18\src\traditional\proc\p18F46J50.asm
                   SSPBUF   0x000fc9       data     extern C:\MCC18\src\traditional\proc\p18F46J50.asm
                T2CONbits   0x000fca       data     extern C:\MCC18\src\traditional\proc\p18F46J50.asm
                    T2CON   0x000fca       data     extern C:\MCC18\src\traditional\proc\p18F46J50.asm
                      PR2   0x000fcb       data     extern C:\MCC18\src\traditional\proc\p18F46J50.asm
                     TMR2   0x000fcc       data     extern C:\MCC18\src\traditional\proc\p18F46J50.asm
                    T1CON   0x000fcd       data     extern C:\MCC18\src\traditional\proc\p18F46J50.asm
                T1CONbits   0x000fcd       data     extern C:\MCC18\src\traditional\proc\p18F46J50.asm
                    TMR1L   0x000fce       data     extern C:\MCC18\src\traditional\proc\p18F46J50.asm
                    TMR1H   0x000fcf       data     extern C:\MCC18\src\traditional\proc\p18F46J50.asm
                 RCONbits   0x000fd0       data     extern C:\MCC18\src\traditional\proc\p18F46J50.asm
                     RCON   0x000fd0       data     extern C:\MCC18\src\traditional\proc\p18F46J50.asm
               CM2CONbits   0x000fd1       data     extern C:\MCC18\src\traditional\proc\p18F46J50.asm
              CM2CON1bits   0x000fd1       data     extern C:\MCC18\src\traditional\proc\p18F46J50.asm
                  CM2CON1   0x000fd1       data     extern C:\MCC18\src\traditional\proc\p18F46J50.asm
                   CM2CON   0x000fd1       data     extern C:\MCC18\src\traditional\proc\p18F46J50.asm
               CM1CONbits   0x000fd2       data     extern C:\MCC18\src\traditional\proc\p18F46J50.asm
              CM1CON1bits   0x000fd2       data     extern C:\MCC18\src\traditional\proc\p18F46J50.asm
                  CM1CON1   0x000fd2       data     extern C:\MCC18\src\traditional\proc\p18F46J50.asm
                   CM1CON   0x000fd2       data     extern C:\MCC18\src\traditional\proc\p18F46J50.asm
                   OSCCON   0x000fd3       data     extern C:\MCC18\src\traditional\proc\p18F46J50.asm
               OSCCONbits   0x000fd3       data     extern C:\MCC18\src\traditional\proc\p18F46J50.asm
                    T0CON   0x000fd5       data     extern C:\MCC18\src\traditional\proc\p18F46J50.asm
                T0CONbits   0x000fd5       data     extern C:\MCC18\src\traditional\proc\p18F46J50.asm
                    TMR0L   0x000fd6       data     extern C:\MCC18\src\traditional\proc\p18F46J50.asm
                    TMR0H   0x000fd7       data     extern C:\MCC18\src\traditional\proc\p18F46J50.asm
                   STATUS   0x000fd8       data     extern C:\MCC18\src\traditional\proc\p18F46J50.asm
               STATUSbits   0x000fd8       data     extern C:\MCC18\src\traditional\proc\p18F46J50.asm
                    FSR2L   0x000fd9       data     extern C:\MCC18\src\traditional\proc\p18F46J50.asm
                     FSR2   0x000fd9       data     extern C:\MCC18\src\traditional\proc\p18F46J50.asm
                    FSR2H   0x000fda       data     extern C:\MCC18\src\traditional\proc\p18F46J50.asm
                   PLUSW2   0x000fdb       data     extern C:\MCC18\src\traditional\proc\p18F46J50.asm
                  PREINC2   0x000fdc       data     extern C:\MCC18\src\traditional\proc\p18F46J50.asm
                 POSTDEC2   0x000fdd       data     extern C:\MCC18\src\traditional\proc\p18F46J50.asm
                 POSTINC2   0x000fde       data     extern C:\MCC18\src\traditional\proc\p18F46J50.asm
                    INDF2   0x000fdf       data     extern C:\MCC18\src\traditional\proc\p18F46J50.asm
                      BSR   0x000fe0       data     extern C:\MCC18\src\traditional\proc\p18F46J50.asm
                    FSR1L   0x000fe1       data     extern C:\MCC18\src\traditional\proc\p18F46J50.asm
                     FSR1   0x000fe1       data     extern C:\MCC18\src\traditional\proc\p18F46J50.asm
                    FSR1H   0x000fe2       data     extern C:\MCC18\src\traditional\proc\p18F46J50.asm
                   PLUSW1   0x000fe3       data     extern C:\MCC18\src\traditional\proc\p18F46J50.asm
                  PREINC1   0x000fe4       data     extern C:\MCC18\src\traditional\proc\p18F46J50.asm
                 POSTDEC1   0x000fe5       data     extern C:\MCC18\src\traditional\proc\p18F46J50.asm
                 POSTINC1   0x000fe6       data     extern C:\MCC18\src\traditional\proc\p18F46J50.asm
                    INDF1   0x000fe7       data     extern C:\MCC18\src\traditional\proc\p18F46J50.asm
                     WREG   0x000fe8       data     extern C:\MCC18\src\traditional\proc\p18F46J50.asm
                     FSR0   0x000fe9       data     extern C:\MCC18\src\traditional\proc\p18F46J50.asm
                    FSR0L   0x000fe9       data     extern C:\MCC18\src\traditional\proc\p18F46J50.asm
                    FSR0H   0x000fea       data     extern C:\MCC18\src\traditional\proc\p18F46J50.asm
                   PLUSW0   0x000feb       data     extern C:\MCC18\src\traditional\proc\p18F46J50.asm
                  PREINC0   0x000fec       data     extern C:\MCC18\src\traditional\proc\p18F46J50.asm
                 POSTDEC0   0x000fed       data     extern C:\MCC18\src\traditional\proc\p18F46J50.asm
                 POSTINC0   0x000fee       data     extern C:\MCC18\src\traditional\proc\p18F46J50.asm
                    INDF0   0x000fef       data     extern C:\MCC18\src\traditional\proc\p18F46J50.asm
                  INTCON3   0x000ff0       data     extern C:\MCC18\src\traditional\proc\p18F46J50.asm
              INTCON3bits   0x000ff0       data     extern C:\MCC18\src\traditional\proc\p18F46J50.asm
              INTCON2bits   0x000ff1       data     extern C:\MCC18\src\traditional\proc\p18F46J50.asm
                  INTCON2   0x000ff1       data     extern C:\MCC18\src\traditional\proc\p18F46J50.asm
                   INTCON   0x000ff2       data     extern C:\MCC18\src\traditional\proc\p18F46J50.asm
               INTCONbits   0x000ff2       data     extern C:\MCC18\src\traditional\proc\p18F46J50.asm
                     PROD   0x000ff3       data     extern C:\MCC18\src\traditional\proc\p18F46J50.asm
                    PRODL   0x000ff3       data     extern C:\MCC18\src\traditional\proc\p18F46J50.asm
                    PRODH   0x000ff4       data     extern C:\MCC18\src\traditional\proc\p18F46J50.asm
                   TABLAT   0x000ff5       data     extern C:\MCC18\src\traditional\proc\p18F46J50.asm
                  TBLPTRL   0x000ff6       data     extern C:\MCC18\src\traditional\proc\p18F46J50.asm
                   TBLPTR   0x000ff6       data     extern C:\MCC18\src\traditional\proc\p18F46J50.asm
                  TBLPTRH   0x000ff7       data     extern C:\MCC18\src\traditional\proc\p18F46J50.asm
                  TBLPTRU   0x000ff8       data     extern C:\MCC18\src\traditional\proc\p18F46J50.asm
                      PCL   0x000ff9       data     extern C:\MCC18\src\traditional\proc\p18F46J50.asm
                       PC   0x000ff9       data     extern C:\MCC18\src\traditional\proc\p18F46J50.asm
                   PCLATH   0x000ffa       data     extern C:\MCC18\src\traditional\proc\p18F46J50.asm
                   PCLATU   0x000ffb       data     extern C:\MCC18\src\traditional\proc\p18F46J50.asm
               STKPTRbits   0x000ffc       data     extern C:\MCC18\src\traditional\proc\p18F46J50.asm
                   STKPTR   0x000ffc       data     extern C:\MCC18\src\traditional\proc\p18F46J50.asm
                      TOS   0x000ffd       data     extern C:\MCC18\src\traditional\proc\p18F46J50.asm
                     TOSL   0x000ffd       data     extern C:\MCC18\src\traditional\proc\p18F46J50.asm
                     TOSH   0x000ffe       data     extern C:\MCC18\src\traditional\proc\p18F46J50.asm
                     TOSU   0x000fff       data     extern C:\MCC18\src\traditional\proc\p18F46J50.asm


